Archive member included to satisfy reference by file (symbol)

c:/program files (x86)/atmel/studio/7.0/toolchain/avr8/avr8-gnu-toolchain/bin/../lib/gcc/avr/5.4.0/../../../../avr/lib/avr5\libm.a(fixsfdi.o)
                              Services/String_Manipulation.o (__fixsfdi)
c:/program files (x86)/atmel/studio/7.0/toolchain/avr8/avr8-gnu-toolchain/bin/../lib/gcc/avr/5.4.0/../../../../avr/lib/avr5\libm.a(floatsisf.o)
                              Services/String_Manipulation.o (__floatunsisf)
c:/program files (x86)/atmel/studio/7.0/toolchain/avr8/avr8-gnu-toolchain/bin/../lib/gcc/avr/5.4.0/../../../../avr/lib/avr5\libm.a(fp_negdi.o)
                              c:/program files (x86)/atmel/studio/7.0/toolchain/avr8/avr8-gnu-toolchain/bin/../lib/gcc/avr/5.4.0/../../../../avr/lib/avr5\libm.a(fixsfdi.o) (__fp_negdi)
c:/program files (x86)/atmel/studio/7.0/toolchain/avr8/avr8-gnu-toolchain/bin/../lib/gcc/avr/5.4.0/../../../../avr/lib/avr5\libm.a(fp_split3.o)
                              c:/program files (x86)/atmel/studio/7.0/toolchain/avr8/avr8-gnu-toolchain/bin/../lib/gcc/avr/5.4.0/../../../../avr/lib/avr5\libm.a(fixsfdi.o) (__fp_splitA)
c:/program files (x86)/atmel/studio/7.0/toolchain/avr8/avr8-gnu-toolchain/bin/../lib/gcc/avr/5.4.0/../../../../avr/lib/avr5\libm.a(pow.o)
                              Services/String_Manipulation.o (pow)
c:/program files (x86)/atmel/studio/7.0/toolchain/avr8/avr8-gnu-toolchain/bin/../lib/gcc/avr/5.4.0/../../../../avr/lib/avr5\libm.a(exp.o)
                              c:/program files (x86)/atmel/studio/7.0/toolchain/avr8/avr8-gnu-toolchain/bin/../lib/gcc/avr/5.4.0/../../../../avr/lib/avr5\libm.a(pow.o) (exp)
c:/program files (x86)/atmel/studio/7.0/toolchain/avr8/avr8-gnu-toolchain/bin/../lib/gcc/avr/5.4.0/../../../../avr/lib/avr5\libm.a(fp_inf.o)
                              c:/program files (x86)/atmel/studio/7.0/toolchain/avr8/avr8-gnu-toolchain/bin/../lib/gcc/avr/5.4.0/../../../../avr/lib/avr5\libm.a(exp.o) (__fp_inf)
c:/program files (x86)/atmel/studio/7.0/toolchain/avr8/avr8-gnu-toolchain/bin/../lib/gcc/avr/5.4.0/../../../../avr/lib/avr5\libm.a(fp_nan.o)
                              c:/program files (x86)/atmel/studio/7.0/toolchain/avr8/avr8-gnu-toolchain/bin/../lib/gcc/avr/5.4.0/../../../../avr/lib/avr5\libm.a(pow.o) (__fp_nan)
c:/program files (x86)/atmel/studio/7.0/toolchain/avr8/avr8-gnu-toolchain/bin/../lib/gcc/avr/5.4.0/../../../../avr/lib/avr5\libm.a(fp_powser.o)
                              c:/program files (x86)/atmel/studio/7.0/toolchain/avr8/avr8-gnu-toolchain/bin/../lib/gcc/avr/5.4.0/../../../../avr/lib/avr5\libm.a(exp.o) (__fp_powser)
c:/program files (x86)/atmel/studio/7.0/toolchain/avr8/avr8-gnu-toolchain/bin/../lib/gcc/avr/5.4.0/../../../../avr/lib/avr5\libm.a(fp_zero.o)
                              c:/program files (x86)/atmel/studio/7.0/toolchain/avr8/avr8-gnu-toolchain/bin/../lib/gcc/avr/5.4.0/../../../../avr/lib/avr5\libm.a(exp.o) (__fp_zero)
c:/program files (x86)/atmel/studio/7.0/toolchain/avr8/avr8-gnu-toolchain/bin/../lib/gcc/avr/5.4.0/../../../../avr/lib/avr5\libm.a(inverse.o)
                              c:/program files (x86)/atmel/studio/7.0/toolchain/avr8/avr8-gnu-toolchain/bin/../lib/gcc/avr/5.4.0/../../../../avr/lib/avr5\libm.a(exp.o) (inverse)
c:/program files (x86)/atmel/studio/7.0/toolchain/avr8/avr8-gnu-toolchain/bin/../lib/gcc/avr/5.4.0/../../../../avr/lib/avr5\libm.a(ldexp.o)
                              c:/program files (x86)/atmel/studio/7.0/toolchain/avr8/avr8-gnu-toolchain/bin/../lib/gcc/avr/5.4.0/../../../../avr/lib/avr5\libm.a(exp.o) (ldexp)
c:/program files (x86)/atmel/studio/7.0/toolchain/avr8/avr8-gnu-toolchain/bin/../lib/gcc/avr/5.4.0/../../../../avr/lib/avr5\libm.a(log.o)
                              c:/program files (x86)/atmel/studio/7.0/toolchain/avr8/avr8-gnu-toolchain/bin/../lib/gcc/avr/5.4.0/../../../../avr/lib/avr5\libm.a(pow.o) (log)
c:/program files (x86)/atmel/studio/7.0/toolchain/avr8/avr8-gnu-toolchain/bin/../lib/gcc/avr/5.4.0/../../../../avr/lib/avr5\libm.a(modf.o)
                              c:/program files (x86)/atmel/studio/7.0/toolchain/avr8/avr8-gnu-toolchain/bin/../lib/gcc/avr/5.4.0/../../../../avr/lib/avr5\libm.a(exp.o) (modf)
c:/program files (x86)/atmel/studio/7.0/toolchain/avr8/avr8-gnu-toolchain/bin/../lib/gcc/avr/5.4.0/../../../../avr/lib/avr5\libm.a(mulsf3.o)
                              c:/program files (x86)/atmel/studio/7.0/toolchain/avr8/avr8-gnu-toolchain/bin/../lib/gcc/avr/5.4.0/../../../../avr/lib/avr5\libm.a(pow.o) (__mulsf3)
c:/program files (x86)/atmel/studio/7.0/toolchain/avr8/avr8-gnu-toolchain/bin/../lib/gcc/avr/5.4.0/../../../../avr/lib/avr5\libm.a(mulsf3x.o)
                              c:/program files (x86)/atmel/studio/7.0/toolchain/avr8/avr8-gnu-toolchain/bin/../lib/gcc/avr/5.4.0/../../../../avr/lib/avr5\libm.a(fp_powser.o) (__mulsf3x)
c:/program files (x86)/atmel/studio/7.0/toolchain/avr8/avr8-gnu-toolchain/bin/../lib/gcc/avr/5.4.0/../../../../avr/lib/avr5\libm.a(addsf3.o)
                              c:/program files (x86)/atmel/studio/7.0/toolchain/avr8/avr8-gnu-toolchain/bin/../lib/gcc/avr/5.4.0/../../../../avr/lib/avr5\libm.a(modf.o) (__subsf3)
c:/program files (x86)/atmel/studio/7.0/toolchain/avr8/avr8-gnu-toolchain/bin/../lib/gcc/avr/5.4.0/../../../../avr/lib/avr5\libm.a(addsf3x.o)
                              c:/program files (x86)/atmel/studio/7.0/toolchain/avr8/avr8-gnu-toolchain/bin/../lib/gcc/avr/5.4.0/../../../../avr/lib/avr5\libm.a(fp_powser.o) (__addsf3x)
c:/program files (x86)/atmel/studio/7.0/toolchain/avr8/avr8-gnu-toolchain/bin/../lib/gcc/avr/5.4.0/../../../../avr/lib/avr5\libm.a(divsf3.o)
                              c:/program files (x86)/atmel/studio/7.0/toolchain/avr8/avr8-gnu-toolchain/bin/../lib/gcc/avr/5.4.0/../../../../avr/lib/avr5\libm.a(inverse.o) (__divsf3)
c:/program files (x86)/atmel/studio/7.0/toolchain/avr8/avr8-gnu-toolchain/bin/../lib/gcc/avr/5.4.0/../../../../avr/lib/avr5\libm.a(divsf3x.o)
                              c:/program files (x86)/atmel/studio/7.0/toolchain/avr8/avr8-gnu-toolchain/bin/../lib/gcc/avr/5.4.0/../../../../avr/lib/avr5\libm.a(divsf3.o) (__divsf3x)
c:/program files (x86)/atmel/studio/7.0/toolchain/avr8/avr8-gnu-toolchain/bin/../lib/gcc/avr/5.4.0/../../../../avr/lib/avr5\libm.a(fp_mpack.o)
                              c:/program files (x86)/atmel/studio/7.0/toolchain/avr8/avr8-gnu-toolchain/bin/../lib/gcc/avr/5.4.0/../../../../avr/lib/avr5\libm.a(ldexp.o) (__fp_mpack)
c:/program files (x86)/atmel/studio/7.0/toolchain/avr8/avr8-gnu-toolchain/bin/../lib/gcc/avr/5.4.0/../../../../avr/lib/avr5\libm.a(fp_pscA.o)
                              c:/program files (x86)/atmel/studio/7.0/toolchain/avr8/avr8-gnu-toolchain/bin/../lib/gcc/avr/5.4.0/../../../../avr/lib/avr5\libm.a(mulsf3x.o) (__fp_pscA)
c:/program files (x86)/atmel/studio/7.0/toolchain/avr8/avr8-gnu-toolchain/bin/../lib/gcc/avr/5.4.0/../../../../avr/lib/avr5\libm.a(fp_pscB.o)
                              c:/program files (x86)/atmel/studio/7.0/toolchain/avr8/avr8-gnu-toolchain/bin/../lib/gcc/avr/5.4.0/../../../../avr/lib/avr5\libm.a(mulsf3x.o) (__fp_pscB)
c:/program files (x86)/atmel/studio/7.0/toolchain/avr8/avr8-gnu-toolchain/bin/../lib/gcc/avr/5.4.0/../../../../avr/lib/avr5\libm.a(fp_round.o)
                              c:/program files (x86)/atmel/studio/7.0/toolchain/avr8/avr8-gnu-toolchain/bin/../lib/gcc/avr/5.4.0/../../../../avr/lib/avr5\libm.a(log.o) (__fp_round)
c:/program files (x86)/atmel/studio/7.0/toolchain/avr8/avr8-gnu-toolchain/bin/../lib/gcc/avr/5.4.0/avr5\libgcc.a(_exit.o)
                              C:/Program Files (x86)/Atmel/Studio/7.0/Packs/atmel/ATmega_DFP/1.2.209/gcc/dev/atmega32/avr5/crtatmega32.o (exit)
c:/program files (x86)/atmel/studio/7.0/toolchain/avr8/avr8-gnu-toolchain/bin/../lib/gcc/avr/5.4.0/avr5\libgcc.a(_copy_data.o)
                              AAL/main.o (__do_copy_data)
c:/program files (x86)/atmel/studio/7.0/toolchain/avr8/avr8-gnu-toolchain/bin/../lib/gcc/avr/5.4.0/avr5\libgcc.a(_clear_bss.o)
                              AAL/main.o (__do_clear_bss)
c:/program files (x86)/atmel/studio/7.0/toolchain/avr8/avr8-gnu-toolchain/bin/../lib/gcc/avr/5.4.0/avr5\libgcc.a(_divdi3.o)
                              Services/String_Manipulation.o (__moddi3)
c:/program files (x86)/atmel/studio/7.0/toolchain/avr8/avr8-gnu-toolchain/bin/../lib/gcc/avr/5.4.0/avr5\libgcc.a(_udivdi3.o)
                              c:/program files (x86)/atmel/studio/7.0/toolchain/avr8/avr8-gnu-toolchain/bin/../lib/gcc/avr/5.4.0/avr5\libgcc.a(_divdi3.o) (__udivdi3_umoddi3)
c:/program files (x86)/atmel/studio/7.0/toolchain/avr8/avr8-gnu-toolchain/bin/../lib/gcc/avr/5.4.0/avr5\libgcc.a(_udivmod64.o)
                              c:/program files (x86)/atmel/studio/7.0/toolchain/avr8/avr8-gnu-toolchain/bin/../lib/gcc/avr/5.4.0/avr5\libgcc.a(_divdi3.o) (__udivmod64)
c:/program files (x86)/atmel/studio/7.0/toolchain/avr8/avr8-gnu-toolchain/bin/../lib/gcc/avr/5.4.0/avr5\libgcc.a(_negdi2.o)
                              c:/program files (x86)/atmel/studio/7.0/toolchain/avr8/avr8-gnu-toolchain/bin/../lib/gcc/avr/5.4.0/avr5\libgcc.a(_divdi3.o) (__negdi2)
c:/program files (x86)/atmel/studio/7.0/toolchain/avr8/avr8-gnu-toolchain/bin/../lib/gcc/avr/5.4.0/avr5\libgcc.a(_prologue.o)
                              c:/program files (x86)/atmel/studio/7.0/toolchain/avr8/avr8-gnu-toolchain/bin/../lib/gcc/avr/5.4.0/avr5\libgcc.a(_divdi3.o) (__prologue_saves__)
c:/program files (x86)/atmel/studio/7.0/toolchain/avr8/avr8-gnu-toolchain/bin/../lib/gcc/avr/5.4.0/avr5\libgcc.a(_epilogue.o)
                              c:/program files (x86)/atmel/studio/7.0/toolchain/avr8/avr8-gnu-toolchain/bin/../lib/gcc/avr/5.4.0/avr5\libgcc.a(_divdi3.o) (__epilogue_restores__)
c:/program files (x86)/atmel/studio/7.0/toolchain/avr8/avr8-gnu-toolchain/bin/../lib/gcc/avr/5.4.0/avr5\libgcc.a(_cmpdi2_s8.o)
                              Services/String_Manipulation.o (__cmpdi2_s8)
c:/program files (x86)/atmel/studio/7.0/toolchain/avr8/avr8-gnu-toolchain/bin/../lib/gcc/avr/5.4.0/../../../../avr/lib/avr5\libc.a(memcpy.o)
                              Services/FreeRTOS/queue.o (memcpy)

Allocating common symbols
Common symbol       size              file

Switch0_is_set_Semaphore
                    0x2               AAL/main.o
xMutualLastWakeTime
                    0x2               AAL/main.o
Led_On_Off_Semaphore
                    0x2               AAL/main.o
Switch1_Couting_Semaphore
                    0x2               AAL/main.o
Switch1_is_set_Semaphore
                    0x2               AAL/main.o
Switch0_Couting_Semaphore
                    0x2               AAL/main.o

Discarded input sections

 .data          0x00000000        0x0 C:/Program Files (x86)/Atmel/Studio/7.0/Packs/atmel/ATmega_DFP/1.2.209/gcc/dev/atmega32/avr5/crtatmega32.o
 .bss           0x00000000        0x0 C:/Program Files (x86)/Atmel/Studio/7.0/Packs/atmel/ATmega_DFP/1.2.209/gcc/dev/atmega32/avr5/crtatmega32.o
 .text          0x00000000        0x0 AAL/main.o
 .data          0x00000000        0x0 AAL/main.o
 .bss           0x00000000        0x0 AAL/main.o
 .text          0x00000000        0x0 HAL/lcd.o
 .data          0x00000000        0x0 HAL/lcd.o
 .bss           0x00000000        0x0 HAL/lcd.o
 .text.LCD_clearScreen
                0x00000000        0x8 HAL/lcd.o
 .text          0x00000000        0x0 MCAL/DIO.o
 .data          0x00000000        0x0 MCAL/DIO.o
 .bss           0x00000000        0x0 MCAL/DIO.o
 .text.DIO_Init_PORT
                0x00000000       0x50 MCAL/DIO.o
 .text.DIO_Init_Nibble
                0x00000000      0x15c MCAL/DIO.o
 .text.DIO_Init
                0x00000000        0xe MCAL/DIO.o
 .text.DIO_Read_Port
                0x00000000       0x42 MCAL/DIO.o
 .text.DIO_Write_Port
                0x00000000       0x32 MCAL/DIO.o
 .text.DIO_toggle_Port
                0x00000000       0x42 MCAL/DIO.o
 .text.DIO_Read_Nibble
                0x00000000      0x18e MCAL/DIO.o
 .text.DIO_Write_Nibble
                0x00000000       0xf8 MCAL/DIO.o
 .text          0x00000000        0x0 MCAL/DIO_PostBConfig.o
 .data          0x00000000        0x0 MCAL/DIO_PostBConfig.o
 .bss           0x00000000        0x0 MCAL/DIO_PostBConfig.o
 .data.str_LED0_DioConfig
                0x00000000        0x2 MCAL/DIO_PostBConfig.o
 .debug_info    0x00000000       0xbf MCAL/DIO_PostBConfig.o
 .debug_abbrev  0x00000000       0x60 MCAL/DIO_PostBConfig.o
 .debug_aranges
                0x00000000       0x18 MCAL/DIO_PostBConfig.o
 .debug_line    0x00000000       0x67 MCAL/DIO_PostBConfig.o
 .debug_str     0x00000000      0x1d2 MCAL/DIO_PostBConfig.o
 .comment       0x00000000       0x31 MCAL/DIO_PostBConfig.o
 .text          0x00000000        0x0 Services/DEBUG.o
 .data          0x00000000        0x0 Services/DEBUG.o
 .bss           0x00000000        0x0 Services/DEBUG.o
 .text          0x00000000        0x0 Services/FreeRTOS/croutine.o
 .data          0x00000000        0x0 Services/FreeRTOS/croutine.o
 .bss           0x00000000        0x0 Services/FreeRTOS/croutine.o
 .debug_info    0x00000000       0x64 Services/FreeRTOS/croutine.o
 .debug_abbrev  0x00000000       0x26 Services/FreeRTOS/croutine.o
 .debug_aranges
                0x00000000       0x18 Services/FreeRTOS/croutine.o
 .debug_line    0x00000000       0x1a Services/FreeRTOS/croutine.o
 .debug_str     0x00000000      0x18a Services/FreeRTOS/croutine.o
 .comment       0x00000000       0x31 Services/FreeRTOS/croutine.o
 .text          0x00000000        0x0 Services/FreeRTOS/event_groups.o
 .data          0x00000000        0x0 Services/FreeRTOS/event_groups.o
 .bss           0x00000000        0x0 Services/FreeRTOS/event_groups.o
 .text.xEventGroupCreate
                0x00000000       0x26 Services/FreeRTOS/event_groups.o
 .text.xEventGroupWaitBits
                0x00000000      0x110 Services/FreeRTOS/event_groups.o
 .text.xEventGroupClearBits
                0x00000000       0x1e Services/FreeRTOS/event_groups.o
 .text.xEventGroupGetBitsFromISR
                0x00000000        0x8 Services/FreeRTOS/event_groups.o
 .text.xEventGroupSetBits
                0x00000000       0xdc Services/FreeRTOS/event_groups.o
 .text.xEventGroupSync
                0x00000000       0xd2 Services/FreeRTOS/event_groups.o
 .text.vEventGroupDelete
                0x00000000       0x32 Services/FreeRTOS/event_groups.o
 .text.vEventGroupSetBitsCallback
                0x00000000        0x8 Services/FreeRTOS/event_groups.o
 .text.vEventGroupClearBitsCallback
                0x00000000        0x8 Services/FreeRTOS/event_groups.o
 .debug_info    0x00000000      0x90b Services/FreeRTOS/event_groups.o
 .debug_abbrev  0x00000000      0x20c Services/FreeRTOS/event_groups.o
 .debug_loc     0x00000000      0xb78 Services/FreeRTOS/event_groups.o
 .debug_aranges
                0x00000000       0x60 Services/FreeRTOS/event_groups.o
 .debug_ranges  0x00000000       0x68 Services/FreeRTOS/event_groups.o
 .debug_line    0x00000000      0x3d0 Services/FreeRTOS/event_groups.o
 .debug_str     0x00000000      0x59e Services/FreeRTOS/event_groups.o
 .comment       0x00000000       0x31 Services/FreeRTOS/event_groups.o
 .debug_frame   0x00000000      0x158 Services/FreeRTOS/event_groups.o
 .text          0x00000000        0x0 Services/FreeRTOS/list.o
 .data          0x00000000        0x0 Services/FreeRTOS/list.o
 .bss           0x00000000        0x0 Services/FreeRTOS/list.o
 .text          0x00000000        0x0 Services/FreeRTOS/Portable/Compiler/port.o
 .data          0x00000000        0x0 Services/FreeRTOS/Portable/Compiler/port.o
 .bss           0x00000000        0x0 Services/FreeRTOS/Portable/Compiler/port.o
 .text.vPortEndScheduler
                0x00000000        0x2 Services/FreeRTOS/Portable/Compiler/port.o
 .text.vPortYieldFromTick
                0x00000000       0xb8 Services/FreeRTOS/Portable/Compiler/port.o
 .text          0x00000000        0x0 Services/FreeRTOS/Portable/MemMang/heap_1.o
 .data          0x00000000        0x0 Services/FreeRTOS/Portable/MemMang/heap_1.o
 .bss           0x00000000        0x0 Services/FreeRTOS/Portable/MemMang/heap_1.o
 .text.vPortInitialiseBlocks
                0x00000000        0xa Services/FreeRTOS/Portable/MemMang/heap_1.o
 .text.xPortGetFreeHeapSize
                0x00000000       0x12 Services/FreeRTOS/Portable/MemMang/heap_1.o
 .text          0x00000000        0x0 Services/FreeRTOS/queue.o
 .data          0x00000000        0x0 Services/FreeRTOS/queue.o
 .bss           0x00000000        0x0 Services/FreeRTOS/queue.o
 .text.prvCopyDataFromQueue
                0x00000000       0x34 Services/FreeRTOS/queue.o
 .text.xQueueGenericSendFromISR
                0x00000000       0x74 Services/FreeRTOS/queue.o
 .text.xQueueGiveFromISR
                0x00000000       0x52 Services/FreeRTOS/queue.o
 .text.xQueueReceive
                0x00000000      0x12c Services/FreeRTOS/queue.o
 .text.xQueuePeek
                0x00000000      0x12c Services/FreeRTOS/queue.o
 .text.xQueueReceiveFromISR
                0x00000000       0x6e Services/FreeRTOS/queue.o
 .text.xQueuePeekFromISR
                0x00000000       0x2e Services/FreeRTOS/queue.o
 .text.uxQueueSpacesAvailable
                0x00000000       0x14 Services/FreeRTOS/queue.o
 .text.uxQueueMessagesWaitingFromISR
                0x00000000        0x6 Services/FreeRTOS/queue.o
 .text.vQueueDelete
                0x00000000        0x6 Services/FreeRTOS/queue.o
 .text.xQueueIsQueueEmptyFromISR
                0x00000000        0xc Services/FreeRTOS/queue.o
 .text.xQueueIsQueueFullFromISR
                0x00000000        0xe Services/FreeRTOS/queue.o
 .text          0x00000000        0x0 Services/FreeRTOS/stream_buffer.o
 .data          0x00000000        0x0 Services/FreeRTOS/stream_buffer.o
 .bss           0x00000000        0x0 Services/FreeRTOS/stream_buffer.o
 .text.prvBytesInBuffer
                0x00000000       0x26 Services/FreeRTOS/stream_buffer.o
 .text.prvWriteBytesToBuffer
                0x00000000       0x92 Services/FreeRTOS/stream_buffer.o
 .text.prvWriteMessageToBuffer
                0x00000000       0x82 Services/FreeRTOS/stream_buffer.o
 .text.prvReadBytesFromBuffer
                0x00000000       0x9e Services/FreeRTOS/stream_buffer.o
 .text.xStreamBufferGenericCreate
                0x00000000       0x5a Services/FreeRTOS/stream_buffer.o
 .text.vStreamBufferDelete
                0x00000000       0x1a Services/FreeRTOS/stream_buffer.o
 .text.xStreamBufferReset
                0x00000000       0x74 Services/FreeRTOS/stream_buffer.o
 .text.xStreamBufferSetTriggerLevel
                0x00000000       0x22 Services/FreeRTOS/stream_buffer.o
 .text.xStreamBufferSpacesAvailable
                0x00000000       0x24 Services/FreeRTOS/stream_buffer.o
 .text.xStreamBufferBytesAvailable
                0x00000000        0x6 Services/FreeRTOS/stream_buffer.o
 .text.xStreamBufferSend
                0x00000000      0x146 Services/FreeRTOS/stream_buffer.o
 .text.xStreamBufferSendFromISR
                0x00000000       0x8c Services/FreeRTOS/stream_buffer.o
 .text.xStreamBufferReceive
                0x00000000      0x148 Services/FreeRTOS/stream_buffer.o
 .text.xStreamBufferNextMessageLengthBytes
                0x00000000       0x66 Services/FreeRTOS/stream_buffer.o
 .text.xStreamBufferReceiveFromISR
                0x00000000       0xe6 Services/FreeRTOS/stream_buffer.o
 .text.xStreamBufferIsEmpty
                0x00000000       0x16 Services/FreeRTOS/stream_buffer.o
 .text.xStreamBufferIsFull
                0x00000000       0x2c Services/FreeRTOS/stream_buffer.o
 .text.xStreamBufferSendCompletedFromISR
                0x00000000       0x46 Services/FreeRTOS/stream_buffer.o
 .text.xStreamBufferReceiveCompletedFromISR
                0x00000000       0x46 Services/FreeRTOS/stream_buffer.o
 .debug_info    0x00000000     0x137e Services/FreeRTOS/stream_buffer.o
 .debug_abbrev  0x00000000      0x29b Services/FreeRTOS/stream_buffer.o
 .debug_loc     0x00000000     0x1cde Services/FreeRTOS/stream_buffer.o
 .debug_aranges
                0x00000000       0xb0 Services/FreeRTOS/stream_buffer.o
 .debug_ranges  0x00000000       0xa0 Services/FreeRTOS/stream_buffer.o
 .debug_line    0x00000000      0x77c Services/FreeRTOS/stream_buffer.o
 .debug_str     0x00000000      0x7b6 Services/FreeRTOS/stream_buffer.o
 .comment       0x00000000       0x31 Services/FreeRTOS/stream_buffer.o
 .debug_frame   0x00000000      0x38c Services/FreeRTOS/stream_buffer.o
 .text          0x00000000        0x0 Services/FreeRTOS/tasks.o
 .data          0x00000000        0x0 Services/FreeRTOS/tasks.o
 .bss           0x00000000        0x0 Services/FreeRTOS/tasks.o
 .text.vTaskDelete
                0x00000000       0xaa Services/FreeRTOS/tasks.o
 .text.xTaskResumeFromISR
                0x00000000       0xae Services/FreeRTOS/tasks.o
 .text.vTaskEndScheduler
                0x00000000        0xc Services/FreeRTOS/tasks.o
 .text.xTaskGetTickCountFromISR
                0x00000000        0xa Services/FreeRTOS/tasks.o
 .text.uxTaskGetNumberOfTasks
                0x00000000        0x6 Services/FreeRTOS/tasks.o
 .text.pcTaskGetName
                0x00000000       0x10 Services/FreeRTOS/tasks.o
 .text.vTaskPlaceOnUnorderedEventList
                0x00000000       0x32 Services/FreeRTOS/tasks.o
 .text.vTaskRemoveFromUnorderedEventList
                0x00000000       0x70 Services/FreeRTOS/tasks.o
 .text.vTaskSetTimeOutState
                0x00000000       0x20 Services/FreeRTOS/tasks.o
 .text.xTaskGetCurrentTaskHandle
                0x00000000        0xa Services/FreeRTOS/tasks.o
 .text.uxTaskResetEventItemValue
                0x00000000       0x2e Services/FreeRTOS/tasks.o
 .text.ulTaskNotifyTake
                0x00000000       0xae Services/FreeRTOS/tasks.o
 .text.xTaskNotifyWait
                0x00000000      0x108 Services/FreeRTOS/tasks.o
 .text.xTaskGenericNotify
                0x00000000       0xec Services/FreeRTOS/tasks.o
 .text.xTaskGenericNotifyFromISR
                0x00000000      0x120 Services/FreeRTOS/tasks.o
 .text.vTaskNotifyGiveFromISR
                0x00000000       0xb4 Services/FreeRTOS/tasks.o
 .text.xTaskNotifyStateClear
                0x00000000       0x28 Services/FreeRTOS/tasks.o
 .text          0x00000000        0x0 Services/FreeRTOS/timers.o
 .data          0x00000000        0x0 Services/FreeRTOS/timers.o
 .bss           0x00000000        0x0 Services/FreeRTOS/timers.o
 .debug_info    0x00000000       0x64 Services/FreeRTOS/timers.o
 .debug_abbrev  0x00000000       0x26 Services/FreeRTOS/timers.o
 .debug_aranges
                0x00000000       0x18 Services/FreeRTOS/timers.o
 .debug_line    0x00000000       0x1a Services/FreeRTOS/timers.o
 .debug_str     0x00000000      0x188 Services/FreeRTOS/timers.o
 .comment       0x00000000       0x31 Services/FreeRTOS/timers.o
 .text          0x00000000        0x0 Services/String_Manipulation.o
 .data          0x00000000        0x0 Services/String_Manipulation.o
 .bss           0x00000000        0x0 Services/String_Manipulation.o
 .text.TransformIntToString
                0x00000000      0x176 Services/String_Manipulation.o
 .data.Int_String.1680
                0x00000000       0x7a Services/String_Manipulation.o
 .debug_info    0x00000000      0x14a Services/String_Manipulation.o
 .debug_abbrev  0x00000000       0xc6 Services/String_Manipulation.o
 .debug_loc     0x00000000      0x21d Services/String_Manipulation.o
 .debug_aranges
                0x00000000       0x20 Services/String_Manipulation.o
 .debug_ranges  0x00000000       0x10 Services/String_Manipulation.o
 .debug_line    0x00000000      0x10c Services/String_Manipulation.o
 .debug_str     0x00000000      0x207 Services/String_Manipulation.o
 .comment       0x00000000       0x31 Services/String_Manipulation.o
 .debug_frame   0x00000000       0x84 Services/String_Manipulation.o
 .text          0x00000000        0x0 c:/program files (x86)/atmel/studio/7.0/toolchain/avr8/avr8-gnu-toolchain/bin/../lib/gcc/avr/5.4.0/../../../../avr/lib/avr5\libm.a(fixsfdi.o)
 .data          0x00000000        0x0 c:/program files (x86)/atmel/studio/7.0/toolchain/avr8/avr8-gnu-toolchain/bin/../lib/gcc/avr/5.4.0/../../../../avr/lib/avr5\libm.a(fixsfdi.o)
 .bss           0x00000000        0x0 c:/program files (x86)/atmel/studio/7.0/toolchain/avr8/avr8-gnu-toolchain/bin/../lib/gcc/avr/5.4.0/../../../../avr/lib/avr5\libm.a(fixsfdi.o)
 .text.avr-libc.fplib
                0x00000000       0x78 c:/program files (x86)/atmel/studio/7.0/toolchain/avr8/avr8-gnu-toolchain/bin/../lib/gcc/avr/5.4.0/../../../../avr/lib/avr5\libm.a(fixsfdi.o)
 .text          0x00000000        0x0 c:/program files (x86)/atmel/studio/7.0/toolchain/avr8/avr8-gnu-toolchain/bin/../lib/gcc/avr/5.4.0/../../../../avr/lib/avr5\libm.a(floatsisf.o)
 .data          0x00000000        0x0 c:/program files (x86)/atmel/studio/7.0/toolchain/avr8/avr8-gnu-toolchain/bin/../lib/gcc/avr/5.4.0/../../../../avr/lib/avr5\libm.a(floatsisf.o)
 .bss           0x00000000        0x0 c:/program files (x86)/atmel/studio/7.0/toolchain/avr8/avr8-gnu-toolchain/bin/../lib/gcc/avr/5.4.0/../../../../avr/lib/avr5\libm.a(floatsisf.o)
 .text.avr-libc.fplib
                0x00000000       0x7a c:/program files (x86)/atmel/studio/7.0/toolchain/avr8/avr8-gnu-toolchain/bin/../lib/gcc/avr/5.4.0/../../../../avr/lib/avr5\libm.a(floatsisf.o)
 .text          0x00000000        0x0 c:/program files (x86)/atmel/studio/7.0/toolchain/avr8/avr8-gnu-toolchain/bin/../lib/gcc/avr/5.4.0/../../../../avr/lib/avr5\libm.a(fp_negdi.o)
 .data          0x00000000        0x0 c:/program files (x86)/atmel/studio/7.0/toolchain/avr8/avr8-gnu-toolchain/bin/../lib/gcc/avr/5.4.0/../../../../avr/lib/avr5\libm.a(fp_negdi.o)
 .bss           0x00000000        0x0 c:/program files (x86)/atmel/studio/7.0/toolchain/avr8/avr8-gnu-toolchain/bin/../lib/gcc/avr/5.4.0/../../../../avr/lib/avr5\libm.a(fp_negdi.o)
 .text.avr-libc.fplib
                0x00000000       0x20 c:/program files (x86)/atmel/studio/7.0/toolchain/avr8/avr8-gnu-toolchain/bin/../lib/gcc/avr/5.4.0/../../../../avr/lib/avr5\libm.a(fp_negdi.o)
 .text          0x00000000        0x0 c:/program files (x86)/atmel/studio/7.0/toolchain/avr8/avr8-gnu-toolchain/bin/../lib/gcc/avr/5.4.0/../../../../avr/lib/avr5\libm.a(fp_split3.o)
 .data          0x00000000        0x0 c:/program files (x86)/atmel/studio/7.0/toolchain/avr8/avr8-gnu-toolchain/bin/../lib/gcc/avr/5.4.0/../../../../avr/lib/avr5\libm.a(fp_split3.o)
 .bss           0x00000000        0x0 c:/program files (x86)/atmel/studio/7.0/toolchain/avr8/avr8-gnu-toolchain/bin/../lib/gcc/avr/5.4.0/../../../../avr/lib/avr5\libm.a(fp_split3.o)
 .text.avr-libc.fplib
                0x00000000       0x44 c:/program files (x86)/atmel/studio/7.0/toolchain/avr8/avr8-gnu-toolchain/bin/../lib/gcc/avr/5.4.0/../../../../avr/lib/avr5\libm.a(fp_split3.o)
 .text          0x00000000        0x0 c:/program files (x86)/atmel/studio/7.0/toolchain/avr8/avr8-gnu-toolchain/bin/../lib/gcc/avr/5.4.0/../../../../avr/lib/avr5\libm.a(pow.o)
 .data          0x00000000        0x0 c:/program files (x86)/atmel/studio/7.0/toolchain/avr8/avr8-gnu-toolchain/bin/../lib/gcc/avr/5.4.0/../../../../avr/lib/avr5\libm.a(pow.o)
 .bss           0x00000000        0x0 c:/program files (x86)/atmel/studio/7.0/toolchain/avr8/avr8-gnu-toolchain/bin/../lib/gcc/avr/5.4.0/../../../../avr/lib/avr5\libm.a(pow.o)
 .text.avr-libc.fplib
                0x00000000       0xa0 c:/program files (x86)/atmel/studio/7.0/toolchain/avr8/avr8-gnu-toolchain/bin/../lib/gcc/avr/5.4.0/../../../../avr/lib/avr5\libm.a(pow.o)
 .text          0x00000000        0x0 c:/program files (x86)/atmel/studio/7.0/toolchain/avr8/avr8-gnu-toolchain/bin/../lib/gcc/avr/5.4.0/../../../../avr/lib/avr5\libm.a(exp.o)
 .data          0x00000000        0x0 c:/program files (x86)/atmel/studio/7.0/toolchain/avr8/avr8-gnu-toolchain/bin/../lib/gcc/avr/5.4.0/../../../../avr/lib/avr5\libm.a(exp.o)
 .bss           0x00000000        0x0 c:/program files (x86)/atmel/studio/7.0/toolchain/avr8/avr8-gnu-toolchain/bin/../lib/gcc/avr/5.4.0/../../../../avr/lib/avr5\libm.a(exp.o)
 .text.avr-libc.fplib
                0x00000000       0x74 c:/program files (x86)/atmel/studio/7.0/toolchain/avr8/avr8-gnu-toolchain/bin/../lib/gcc/avr/5.4.0/../../../../avr/lib/avr5\libm.a(exp.o)
 .progmem.gcc_fplib
                0x00000000       0x28 c:/program files (x86)/atmel/studio/7.0/toolchain/avr8/avr8-gnu-toolchain/bin/../lib/gcc/avr/5.4.0/../../../../avr/lib/avr5\libm.a(exp.o)
 .text          0x00000000        0x0 c:/program files (x86)/atmel/studio/7.0/toolchain/avr8/avr8-gnu-toolchain/bin/../lib/gcc/avr/5.4.0/../../../../avr/lib/avr5\libm.a(fp_inf.o)
 .data          0x00000000        0x0 c:/program files (x86)/atmel/studio/7.0/toolchain/avr8/avr8-gnu-toolchain/bin/../lib/gcc/avr/5.4.0/../../../../avr/lib/avr5\libm.a(fp_inf.o)
 .bss           0x00000000        0x0 c:/program files (x86)/atmel/studio/7.0/toolchain/avr8/avr8-gnu-toolchain/bin/../lib/gcc/avr/5.4.0/../../../../avr/lib/avr5\libm.a(fp_inf.o)
 .text.avr-libc.fplib
                0x00000000        0xc c:/program files (x86)/atmel/studio/7.0/toolchain/avr8/avr8-gnu-toolchain/bin/../lib/gcc/avr/5.4.0/../../../../avr/lib/avr5\libm.a(fp_inf.o)
 .text          0x00000000        0x0 c:/program files (x86)/atmel/studio/7.0/toolchain/avr8/avr8-gnu-toolchain/bin/../lib/gcc/avr/5.4.0/../../../../avr/lib/avr5\libm.a(fp_nan.o)
 .data          0x00000000        0x0 c:/program files (x86)/atmel/studio/7.0/toolchain/avr8/avr8-gnu-toolchain/bin/../lib/gcc/avr/5.4.0/../../../../avr/lib/avr5\libm.a(fp_nan.o)
 .bss           0x00000000        0x0 c:/program files (x86)/atmel/studio/7.0/toolchain/avr8/avr8-gnu-toolchain/bin/../lib/gcc/avr/5.4.0/../../../../avr/lib/avr5\libm.a(fp_nan.o)
 .text.avr-libc.fplib
                0x00000000        0x6 c:/program files (x86)/atmel/studio/7.0/toolchain/avr8/avr8-gnu-toolchain/bin/../lib/gcc/avr/5.4.0/../../../../avr/lib/avr5\libm.a(fp_nan.o)
 .text          0x00000000        0x0 c:/program files (x86)/atmel/studio/7.0/toolchain/avr8/avr8-gnu-toolchain/bin/../lib/gcc/avr/5.4.0/../../../../avr/lib/avr5\libm.a(fp_powser.o)
 .data          0x00000000        0x0 c:/program files (x86)/atmel/studio/7.0/toolchain/avr8/avr8-gnu-toolchain/bin/../lib/gcc/avr/5.4.0/../../../../avr/lib/avr5\libm.a(fp_powser.o)
 .bss           0x00000000        0x0 c:/program files (x86)/atmel/studio/7.0/toolchain/avr8/avr8-gnu-toolchain/bin/../lib/gcc/avr/5.4.0/../../../../avr/lib/avr5\libm.a(fp_powser.o)
 .text.avr-libc.fplib
                0x00000000       0x4e c:/program files (x86)/atmel/studio/7.0/toolchain/avr8/avr8-gnu-toolchain/bin/../lib/gcc/avr/5.4.0/../../../../avr/lib/avr5\libm.a(fp_powser.o)
 .text          0x00000000        0x0 c:/program files (x86)/atmel/studio/7.0/toolchain/avr8/avr8-gnu-toolchain/bin/../lib/gcc/avr/5.4.0/../../../../avr/lib/avr5\libm.a(fp_zero.o)
 .data          0x00000000        0x0 c:/program files (x86)/atmel/studio/7.0/toolchain/avr8/avr8-gnu-toolchain/bin/../lib/gcc/avr/5.4.0/../../../../avr/lib/avr5\libm.a(fp_zero.o)
 .bss           0x00000000        0x0 c:/program files (x86)/atmel/studio/7.0/toolchain/avr8/avr8-gnu-toolchain/bin/../lib/gcc/avr/5.4.0/../../../../avr/lib/avr5\libm.a(fp_zero.o)
 .text.avr-libc.fplib
                0x00000000        0xe c:/program files (x86)/atmel/studio/7.0/toolchain/avr8/avr8-gnu-toolchain/bin/../lib/gcc/avr/5.4.0/../../../../avr/lib/avr5\libm.a(fp_zero.o)
 .text          0x00000000        0x0 c:/program files (x86)/atmel/studio/7.0/toolchain/avr8/avr8-gnu-toolchain/bin/../lib/gcc/avr/5.4.0/../../../../avr/lib/avr5\libm.a(inverse.o)
 .data          0x00000000        0x0 c:/program files (x86)/atmel/studio/7.0/toolchain/avr8/avr8-gnu-toolchain/bin/../lib/gcc/avr/5.4.0/../../../../avr/lib/avr5\libm.a(inverse.o)
 .bss           0x00000000        0x0 c:/program files (x86)/atmel/studio/7.0/toolchain/avr8/avr8-gnu-toolchain/bin/../lib/gcc/avr/5.4.0/../../../../avr/lib/avr5\libm.a(inverse.o)
 .text.avr-libc.fplib
                0x00000000       0x10 c:/program files (x86)/atmel/studio/7.0/toolchain/avr8/avr8-gnu-toolchain/bin/../lib/gcc/avr/5.4.0/../../../../avr/lib/avr5\libm.a(inverse.o)
 .text          0x00000000        0x0 c:/program files (x86)/atmel/studio/7.0/toolchain/avr8/avr8-gnu-toolchain/bin/../lib/gcc/avr/5.4.0/../../../../avr/lib/avr5\libm.a(ldexp.o)
 .data          0x00000000        0x0 c:/program files (x86)/atmel/studio/7.0/toolchain/avr8/avr8-gnu-toolchain/bin/../lib/gcc/avr/5.4.0/../../../../avr/lib/avr5\libm.a(ldexp.o)
 .bss           0x00000000        0x0 c:/program files (x86)/atmel/studio/7.0/toolchain/avr8/avr8-gnu-toolchain/bin/../lib/gcc/avr/5.4.0/../../../../avr/lib/avr5\libm.a(ldexp.o)
 .text.avr-libc.fplib
                0x00000000       0x74 c:/program files (x86)/atmel/studio/7.0/toolchain/avr8/avr8-gnu-toolchain/bin/../lib/gcc/avr/5.4.0/../../../../avr/lib/avr5\libm.a(ldexp.o)
 .text          0x00000000        0x0 c:/program files (x86)/atmel/studio/7.0/toolchain/avr8/avr8-gnu-toolchain/bin/../lib/gcc/avr/5.4.0/../../../../avr/lib/avr5\libm.a(log.o)
 .data          0x00000000        0x0 c:/program files (x86)/atmel/studio/7.0/toolchain/avr8/avr8-gnu-toolchain/bin/../lib/gcc/avr/5.4.0/../../../../avr/lib/avr5\libm.a(log.o)
 .bss           0x00000000        0x0 c:/program files (x86)/atmel/studio/7.0/toolchain/avr8/avr8-gnu-toolchain/bin/../lib/gcc/avr/5.4.0/../../../../avr/lib/avr5\libm.a(log.o)
 .text.avr-libc.fplib
                0x00000000       0xa0 c:/program files (x86)/atmel/studio/7.0/toolchain/avr8/avr8-gnu-toolchain/bin/../lib/gcc/avr/5.4.0/../../../../avr/lib/avr5\libm.a(log.o)
 .progmem.gcc_fplib
                0x00000000       0x5a c:/program files (x86)/atmel/studio/7.0/toolchain/avr8/avr8-gnu-toolchain/bin/../lib/gcc/avr/5.4.0/../../../../avr/lib/avr5\libm.a(log.o)
 .text          0x00000000        0x0 c:/program files (x86)/atmel/studio/7.0/toolchain/avr8/avr8-gnu-toolchain/bin/../lib/gcc/avr/5.4.0/../../../../avr/lib/avr5\libm.a(modf.o)
 .data          0x00000000        0x0 c:/program files (x86)/atmel/studio/7.0/toolchain/avr8/avr8-gnu-toolchain/bin/../lib/gcc/avr/5.4.0/../../../../avr/lib/avr5\libm.a(modf.o)
 .bss           0x00000000        0x0 c:/program files (x86)/atmel/studio/7.0/toolchain/avr8/avr8-gnu-toolchain/bin/../lib/gcc/avr/5.4.0/../../../../avr/lib/avr5\libm.a(modf.o)
 .text.avr-libc.fplib
                0x00000000       0x68 c:/program files (x86)/atmel/studio/7.0/toolchain/avr8/avr8-gnu-toolchain/bin/../lib/gcc/avr/5.4.0/../../../../avr/lib/avr5\libm.a(modf.o)
 .text          0x00000000        0x0 c:/program files (x86)/atmel/studio/7.0/toolchain/avr8/avr8-gnu-toolchain/bin/../lib/gcc/avr/5.4.0/../../../../avr/lib/avr5\libm.a(mulsf3.o)
 .data          0x00000000        0x0 c:/program files (x86)/atmel/studio/7.0/toolchain/avr8/avr8-gnu-toolchain/bin/../lib/gcc/avr/5.4.0/../../../../avr/lib/avr5\libm.a(mulsf3.o)
 .bss           0x00000000        0x0 c:/program files (x86)/atmel/studio/7.0/toolchain/avr8/avr8-gnu-toolchain/bin/../lib/gcc/avr/5.4.0/../../../../avr/lib/avr5\libm.a(mulsf3.o)
 .text.avr-libc.fplib
                0x00000000        0x8 c:/program files (x86)/atmel/studio/7.0/toolchain/avr8/avr8-gnu-toolchain/bin/../lib/gcc/avr/5.4.0/../../../../avr/lib/avr5\libm.a(mulsf3.o)
 .text          0x00000000        0x0 c:/program files (x86)/atmel/studio/7.0/toolchain/avr8/avr8-gnu-toolchain/bin/../lib/gcc/avr/5.4.0/../../../../avr/lib/avr5\libm.a(mulsf3x.o)
 .data          0x00000000        0x0 c:/program files (x86)/atmel/studio/7.0/toolchain/avr8/avr8-gnu-toolchain/bin/../lib/gcc/avr/5.4.0/../../../../avr/lib/avr5\libm.a(mulsf3x.o)
 .bss           0x00000000        0x0 c:/program files (x86)/atmel/studio/7.0/toolchain/avr8/avr8-gnu-toolchain/bin/../lib/gcc/avr/5.4.0/../../../../avr/lib/avr5\libm.a(mulsf3x.o)
 .text.avr-libc.fplib
                0x00000000       0xd2 c:/program files (x86)/atmel/studio/7.0/toolchain/avr8/avr8-gnu-toolchain/bin/../lib/gcc/avr/5.4.0/../../../../avr/lib/avr5\libm.a(mulsf3x.o)
 .text          0x00000000        0x0 c:/program files (x86)/atmel/studio/7.0/toolchain/avr8/avr8-gnu-toolchain/bin/../lib/gcc/avr/5.4.0/../../../../avr/lib/avr5\libm.a(addsf3.o)
 .data          0x00000000        0x0 c:/program files (x86)/atmel/studio/7.0/toolchain/avr8/avr8-gnu-toolchain/bin/../lib/gcc/avr/5.4.0/../../../../avr/lib/avr5\libm.a(addsf3.o)
 .bss           0x00000000        0x0 c:/program files (x86)/atmel/studio/7.0/toolchain/avr8/avr8-gnu-toolchain/bin/../lib/gcc/avr/5.4.0/../../../../avr/lib/avr5\libm.a(addsf3.o)
 .text.avr-libc.fplib
                0x00000000        0xe c:/program files (x86)/atmel/studio/7.0/toolchain/avr8/avr8-gnu-toolchain/bin/../lib/gcc/avr/5.4.0/../../../../avr/lib/avr5\libm.a(addsf3.o)
 .text          0x00000000        0x0 c:/program files (x86)/atmel/studio/7.0/toolchain/avr8/avr8-gnu-toolchain/bin/../lib/gcc/avr/5.4.0/../../../../avr/lib/avr5\libm.a(addsf3x.o)
 .data          0x00000000        0x0 c:/program files (x86)/atmel/studio/7.0/toolchain/avr8/avr8-gnu-toolchain/bin/../lib/gcc/avr/5.4.0/../../../../avr/lib/avr5\libm.a(addsf3x.o)
 .bss           0x00000000        0x0 c:/program files (x86)/atmel/studio/7.0/toolchain/avr8/avr8-gnu-toolchain/bin/../lib/gcc/avr/5.4.0/../../../../avr/lib/avr5\libm.a(addsf3x.o)
 .text.avr-libc.fplib
                0x00000000       0xcc c:/program files (x86)/atmel/studio/7.0/toolchain/avr8/avr8-gnu-toolchain/bin/../lib/gcc/avr/5.4.0/../../../../avr/lib/avr5\libm.a(addsf3x.o)
 .text          0x00000000        0x0 c:/program files (x86)/atmel/studio/7.0/toolchain/avr8/avr8-gnu-toolchain/bin/../lib/gcc/avr/5.4.0/../../../../avr/lib/avr5\libm.a(divsf3.o)
 .data          0x00000000        0x0 c:/program files (x86)/atmel/studio/7.0/toolchain/avr8/avr8-gnu-toolchain/bin/../lib/gcc/avr/5.4.0/../../../../avr/lib/avr5\libm.a(divsf3.o)
 .bss           0x00000000        0x0 c:/program files (x86)/atmel/studio/7.0/toolchain/avr8/avr8-gnu-toolchain/bin/../lib/gcc/avr/5.4.0/../../../../avr/lib/avr5\libm.a(divsf3.o)
 .text.avr-libc.fplib
                0x00000000        0x8 c:/program files (x86)/atmel/studio/7.0/toolchain/avr8/avr8-gnu-toolchain/bin/../lib/gcc/avr/5.4.0/../../../../avr/lib/avr5\libm.a(divsf3.o)
 .text          0x00000000        0x0 c:/program files (x86)/atmel/studio/7.0/toolchain/avr8/avr8-gnu-toolchain/bin/../lib/gcc/avr/5.4.0/../../../../avr/lib/avr5\libm.a(divsf3x.o)
 .data          0x00000000        0x0 c:/program files (x86)/atmel/studio/7.0/toolchain/avr8/avr8-gnu-toolchain/bin/../lib/gcc/avr/5.4.0/../../../../avr/lib/avr5\libm.a(divsf3x.o)
 .bss           0x00000000        0x0 c:/program files (x86)/atmel/studio/7.0/toolchain/avr8/avr8-gnu-toolchain/bin/../lib/gcc/avr/5.4.0/../../../../avr/lib/avr5\libm.a(divsf3x.o)
 .text.avr-libc.fplib
                0x00000000       0xdc c:/program files (x86)/atmel/studio/7.0/toolchain/avr8/avr8-gnu-toolchain/bin/../lib/gcc/avr/5.4.0/../../../../avr/lib/avr5\libm.a(divsf3x.o)
 .text          0x00000000        0x0 c:/program files (x86)/atmel/studio/7.0/toolchain/avr8/avr8-gnu-toolchain/bin/../lib/gcc/avr/5.4.0/../../../../avr/lib/avr5\libm.a(fp_mpack.o)
 .data          0x00000000        0x0 c:/program files (x86)/atmel/studio/7.0/toolchain/avr8/avr8-gnu-toolchain/bin/../lib/gcc/avr/5.4.0/../../../../avr/lib/avr5\libm.a(fp_mpack.o)
 .bss           0x00000000        0x0 c:/program files (x86)/atmel/studio/7.0/toolchain/avr8/avr8-gnu-toolchain/bin/../lib/gcc/avr/5.4.0/../../../../avr/lib/avr5\libm.a(fp_mpack.o)
 .text.avr-libc.fplib
                0x00000000       0x1c c:/program files (x86)/atmel/studio/7.0/toolchain/avr8/avr8-gnu-toolchain/bin/../lib/gcc/avr/5.4.0/../../../../avr/lib/avr5\libm.a(fp_mpack.o)
 .text          0x00000000        0x0 c:/program files (x86)/atmel/studio/7.0/toolchain/avr8/avr8-gnu-toolchain/bin/../lib/gcc/avr/5.4.0/../../../../avr/lib/avr5\libm.a(fp_pscA.o)
 .data          0x00000000        0x0 c:/program files (x86)/atmel/studio/7.0/toolchain/avr8/avr8-gnu-toolchain/bin/../lib/gcc/avr/5.4.0/../../../../avr/lib/avr5\libm.a(fp_pscA.o)
 .bss           0x00000000        0x0 c:/program files (x86)/atmel/studio/7.0/toolchain/avr8/avr8-gnu-toolchain/bin/../lib/gcc/avr/5.4.0/../../../../avr/lib/avr5\libm.a(fp_pscA.o)
 .text.avr-libc.fplib
                0x00000000        0xe c:/program files (x86)/atmel/studio/7.0/toolchain/avr8/avr8-gnu-toolchain/bin/../lib/gcc/avr/5.4.0/../../../../avr/lib/avr5\libm.a(fp_pscA.o)
 .text          0x00000000        0x0 c:/program files (x86)/atmel/studio/7.0/toolchain/avr8/avr8-gnu-toolchain/bin/../lib/gcc/avr/5.4.0/../../../../avr/lib/avr5\libm.a(fp_pscB.o)
 .data          0x00000000        0x0 c:/program files (x86)/atmel/studio/7.0/toolchain/avr8/avr8-gnu-toolchain/bin/../lib/gcc/avr/5.4.0/../../../../avr/lib/avr5\libm.a(fp_pscB.o)
 .bss           0x00000000        0x0 c:/program files (x86)/atmel/studio/7.0/toolchain/avr8/avr8-gnu-toolchain/bin/../lib/gcc/avr/5.4.0/../../../../avr/lib/avr5\libm.a(fp_pscB.o)
 .text.avr-libc.fplib
                0x00000000        0xe c:/program files (x86)/atmel/studio/7.0/toolchain/avr8/avr8-gnu-toolchain/bin/../lib/gcc/avr/5.4.0/../../../../avr/lib/avr5\libm.a(fp_pscB.o)
 .text          0x00000000        0x0 c:/program files (x86)/atmel/studio/7.0/toolchain/avr8/avr8-gnu-toolchain/bin/../lib/gcc/avr/5.4.0/../../../../avr/lib/avr5\libm.a(fp_round.o)
 .data          0x00000000        0x0 c:/program files (x86)/atmel/studio/7.0/toolchain/avr8/avr8-gnu-toolchain/bin/../lib/gcc/avr/5.4.0/../../../../avr/lib/avr5\libm.a(fp_round.o)
 .bss           0x00000000        0x0 c:/program files (x86)/atmel/studio/7.0/toolchain/avr8/avr8-gnu-toolchain/bin/../lib/gcc/avr/5.4.0/../../../../avr/lib/avr5\libm.a(fp_round.o)
 .text.avr-libc.fplib
                0x00000000       0x22 c:/program files (x86)/atmel/studio/7.0/toolchain/avr8/avr8-gnu-toolchain/bin/../lib/gcc/avr/5.4.0/../../../../avr/lib/avr5\libm.a(fp_round.o)
 .text          0x00000000        0x0 c:/program files (x86)/atmel/studio/7.0/toolchain/avr8/avr8-gnu-toolchain/bin/../lib/gcc/avr/5.4.0/avr5\libgcc.a(_exit.o)
 .data          0x00000000        0x0 c:/program files (x86)/atmel/studio/7.0/toolchain/avr8/avr8-gnu-toolchain/bin/../lib/gcc/avr/5.4.0/avr5\libgcc.a(_exit.o)
 .bss           0x00000000        0x0 c:/program files (x86)/atmel/studio/7.0/toolchain/avr8/avr8-gnu-toolchain/bin/../lib/gcc/avr/5.4.0/avr5\libgcc.a(_exit.o)
 .text.libgcc.mul
                0x00000000        0x0 c:/program files (x86)/atmel/studio/7.0/toolchain/avr8/avr8-gnu-toolchain/bin/../lib/gcc/avr/5.4.0/avr5\libgcc.a(_exit.o)
 .text.libgcc.div
                0x00000000        0x0 c:/program files (x86)/atmel/studio/7.0/toolchain/avr8/avr8-gnu-toolchain/bin/../lib/gcc/avr/5.4.0/avr5\libgcc.a(_exit.o)
 .text.libgcc   0x00000000        0x0 c:/program files (x86)/atmel/studio/7.0/toolchain/avr8/avr8-gnu-toolchain/bin/../lib/gcc/avr/5.4.0/avr5\libgcc.a(_exit.o)
 .text.libgcc.prologue
                0x00000000        0x0 c:/program files (x86)/atmel/studio/7.0/toolchain/avr8/avr8-gnu-toolchain/bin/../lib/gcc/avr/5.4.0/avr5\libgcc.a(_exit.o)
 .text.libgcc.builtins
                0x00000000        0x0 c:/program files (x86)/atmel/studio/7.0/toolchain/avr8/avr8-gnu-toolchain/bin/../lib/gcc/avr/5.4.0/avr5\libgcc.a(_exit.o)
 .text.libgcc.fmul
                0x00000000        0x0 c:/program files (x86)/atmel/studio/7.0/toolchain/avr8/avr8-gnu-toolchain/bin/../lib/gcc/avr/5.4.0/avr5\libgcc.a(_exit.o)
 .text.libgcc.fixed
                0x00000000        0x0 c:/program files (x86)/atmel/studio/7.0/toolchain/avr8/avr8-gnu-toolchain/bin/../lib/gcc/avr/5.4.0/avr5\libgcc.a(_exit.o)
 .text          0x00000000        0x0 c:/program files (x86)/atmel/studio/7.0/toolchain/avr8/avr8-gnu-toolchain/bin/../lib/gcc/avr/5.4.0/avr5\libgcc.a(_copy_data.o)
 .data          0x00000000        0x0 c:/program files (x86)/atmel/studio/7.0/toolchain/avr8/avr8-gnu-toolchain/bin/../lib/gcc/avr/5.4.0/avr5\libgcc.a(_copy_data.o)
 .bss           0x00000000        0x0 c:/program files (x86)/atmel/studio/7.0/toolchain/avr8/avr8-gnu-toolchain/bin/../lib/gcc/avr/5.4.0/avr5\libgcc.a(_copy_data.o)
 .text.libgcc.mul
                0x00000000        0x0 c:/program files (x86)/atmel/studio/7.0/toolchain/avr8/avr8-gnu-toolchain/bin/../lib/gcc/avr/5.4.0/avr5\libgcc.a(_copy_data.o)
 .text.libgcc.div
                0x00000000        0x0 c:/program files (x86)/atmel/studio/7.0/toolchain/avr8/avr8-gnu-toolchain/bin/../lib/gcc/avr/5.4.0/avr5\libgcc.a(_copy_data.o)
 .text.libgcc   0x00000000        0x0 c:/program files (x86)/atmel/studio/7.0/toolchain/avr8/avr8-gnu-toolchain/bin/../lib/gcc/avr/5.4.0/avr5\libgcc.a(_copy_data.o)
 .text.libgcc.prologue
                0x00000000        0x0 c:/program files (x86)/atmel/studio/7.0/toolchain/avr8/avr8-gnu-toolchain/bin/../lib/gcc/avr/5.4.0/avr5\libgcc.a(_copy_data.o)
 .text.libgcc.builtins
                0x00000000        0x0 c:/program files (x86)/atmel/studio/7.0/toolchain/avr8/avr8-gnu-toolchain/bin/../lib/gcc/avr/5.4.0/avr5\libgcc.a(_copy_data.o)
 .text.libgcc.fmul
                0x00000000        0x0 c:/program files (x86)/atmel/studio/7.0/toolchain/avr8/avr8-gnu-toolchain/bin/../lib/gcc/avr/5.4.0/avr5\libgcc.a(_copy_data.o)
 .text.libgcc.fixed
                0x00000000        0x0 c:/program files (x86)/atmel/studio/7.0/toolchain/avr8/avr8-gnu-toolchain/bin/../lib/gcc/avr/5.4.0/avr5\libgcc.a(_copy_data.o)
 .text          0x00000000        0x0 c:/program files (x86)/atmel/studio/7.0/toolchain/avr8/avr8-gnu-toolchain/bin/../lib/gcc/avr/5.4.0/avr5\libgcc.a(_clear_bss.o)
 .data          0x00000000        0x0 c:/program files (x86)/atmel/studio/7.0/toolchain/avr8/avr8-gnu-toolchain/bin/../lib/gcc/avr/5.4.0/avr5\libgcc.a(_clear_bss.o)
 .bss           0x00000000        0x0 c:/program files (x86)/atmel/studio/7.0/toolchain/avr8/avr8-gnu-toolchain/bin/../lib/gcc/avr/5.4.0/avr5\libgcc.a(_clear_bss.o)
 .text.libgcc.mul
                0x00000000        0x0 c:/program files (x86)/atmel/studio/7.0/toolchain/avr8/avr8-gnu-toolchain/bin/../lib/gcc/avr/5.4.0/avr5\libgcc.a(_clear_bss.o)
 .text.libgcc.div
                0x00000000        0x0 c:/program files (x86)/atmel/studio/7.0/toolchain/avr8/avr8-gnu-toolchain/bin/../lib/gcc/avr/5.4.0/avr5\libgcc.a(_clear_bss.o)
 .text.libgcc   0x00000000        0x0 c:/program files (x86)/atmel/studio/7.0/toolchain/avr8/avr8-gnu-toolchain/bin/../lib/gcc/avr/5.4.0/avr5\libgcc.a(_clear_bss.o)
 .text.libgcc.prologue
                0x00000000        0x0 c:/program files (x86)/atmel/studio/7.0/toolchain/avr8/avr8-gnu-toolchain/bin/../lib/gcc/avr/5.4.0/avr5\libgcc.a(_clear_bss.o)
 .text.libgcc.builtins
                0x00000000        0x0 c:/program files (x86)/atmel/studio/7.0/toolchain/avr8/avr8-gnu-toolchain/bin/../lib/gcc/avr/5.4.0/avr5\libgcc.a(_clear_bss.o)
 .text.libgcc.fmul
                0x00000000        0x0 c:/program files (x86)/atmel/studio/7.0/toolchain/avr8/avr8-gnu-toolchain/bin/../lib/gcc/avr/5.4.0/avr5\libgcc.a(_clear_bss.o)
 .text.libgcc.fixed
                0x00000000        0x0 c:/program files (x86)/atmel/studio/7.0/toolchain/avr8/avr8-gnu-toolchain/bin/../lib/gcc/avr/5.4.0/avr5\libgcc.a(_clear_bss.o)
 .text          0x00000000        0x0 c:/program files (x86)/atmel/studio/7.0/toolchain/avr8/avr8-gnu-toolchain/bin/../lib/gcc/avr/5.4.0/avr5\libgcc.a(_divdi3.o)
 .data          0x00000000        0x0 c:/program files (x86)/atmel/studio/7.0/toolchain/avr8/avr8-gnu-toolchain/bin/../lib/gcc/avr/5.4.0/avr5\libgcc.a(_divdi3.o)
 .bss           0x00000000        0x0 c:/program files (x86)/atmel/studio/7.0/toolchain/avr8/avr8-gnu-toolchain/bin/../lib/gcc/avr/5.4.0/avr5\libgcc.a(_divdi3.o)
 .text.libgcc.mul
                0x00000000        0x0 c:/program files (x86)/atmel/studio/7.0/toolchain/avr8/avr8-gnu-toolchain/bin/../lib/gcc/avr/5.4.0/avr5\libgcc.a(_divdi3.o)
 .text.libgcc.div
                0x00000000       0x62 c:/program files (x86)/atmel/studio/7.0/toolchain/avr8/avr8-gnu-toolchain/bin/../lib/gcc/avr/5.4.0/avr5\libgcc.a(_divdi3.o)
 .text.libgcc   0x00000000        0x0 c:/program files (x86)/atmel/studio/7.0/toolchain/avr8/avr8-gnu-toolchain/bin/../lib/gcc/avr/5.4.0/avr5\libgcc.a(_divdi3.o)
 .text.libgcc.prologue
                0x00000000        0x0 c:/program files (x86)/atmel/studio/7.0/toolchain/avr8/avr8-gnu-toolchain/bin/../lib/gcc/avr/5.4.0/avr5\libgcc.a(_divdi3.o)
 .text.libgcc.builtins
                0x00000000        0x0 c:/program files (x86)/atmel/studio/7.0/toolchain/avr8/avr8-gnu-toolchain/bin/../lib/gcc/avr/5.4.0/avr5\libgcc.a(_divdi3.o)
 .text.libgcc.fmul
                0x00000000        0x0 c:/program files (x86)/atmel/studio/7.0/toolchain/avr8/avr8-gnu-toolchain/bin/../lib/gcc/avr/5.4.0/avr5\libgcc.a(_divdi3.o)
 .text.libgcc.fixed
                0x00000000        0x0 c:/program files (x86)/atmel/studio/7.0/toolchain/avr8/avr8-gnu-toolchain/bin/../lib/gcc/avr/5.4.0/avr5\libgcc.a(_divdi3.o)
 .text          0x00000000        0x0 c:/program files (x86)/atmel/studio/7.0/toolchain/avr8/avr8-gnu-toolchain/bin/../lib/gcc/avr/5.4.0/avr5\libgcc.a(_udivdi3.o)
 .data          0x00000000        0x0 c:/program files (x86)/atmel/studio/7.0/toolchain/avr8/avr8-gnu-toolchain/bin/../lib/gcc/avr/5.4.0/avr5\libgcc.a(_udivdi3.o)
 .bss           0x00000000        0x0 c:/program files (x86)/atmel/studio/7.0/toolchain/avr8/avr8-gnu-toolchain/bin/../lib/gcc/avr/5.4.0/avr5\libgcc.a(_udivdi3.o)
 .text.libgcc.mul
                0x00000000        0x0 c:/program files (x86)/atmel/studio/7.0/toolchain/avr8/avr8-gnu-toolchain/bin/../lib/gcc/avr/5.4.0/avr5\libgcc.a(_udivdi3.o)
 .text.libgcc.div
                0x00000000       0x1c c:/program files (x86)/atmel/studio/7.0/toolchain/avr8/avr8-gnu-toolchain/bin/../lib/gcc/avr/5.4.0/avr5\libgcc.a(_udivdi3.o)
 .text.libgcc   0x00000000        0x0 c:/program files (x86)/atmel/studio/7.0/toolchain/avr8/avr8-gnu-toolchain/bin/../lib/gcc/avr/5.4.0/avr5\libgcc.a(_udivdi3.o)
 .text.libgcc.prologue
                0x00000000        0x0 c:/program files (x86)/atmel/studio/7.0/toolchain/avr8/avr8-gnu-toolchain/bin/../lib/gcc/avr/5.4.0/avr5\libgcc.a(_udivdi3.o)
 .text.libgcc.builtins
                0x00000000        0x0 c:/program files (x86)/atmel/studio/7.0/toolchain/avr8/avr8-gnu-toolchain/bin/../lib/gcc/avr/5.4.0/avr5\libgcc.a(_udivdi3.o)
 .text.libgcc.fmul
                0x00000000        0x0 c:/program files (x86)/atmel/studio/7.0/toolchain/avr8/avr8-gnu-toolchain/bin/../lib/gcc/avr/5.4.0/avr5\libgcc.a(_udivdi3.o)
 .text.libgcc.fixed
                0x00000000        0x0 c:/program files (x86)/atmel/studio/7.0/toolchain/avr8/avr8-gnu-toolchain/bin/../lib/gcc/avr/5.4.0/avr5\libgcc.a(_udivdi3.o)
 .text          0x00000000        0x0 c:/program files (x86)/atmel/studio/7.0/toolchain/avr8/avr8-gnu-toolchain/bin/../lib/gcc/avr/5.4.0/avr5\libgcc.a(_udivmod64.o)
 .data          0x00000000        0x0 c:/program files (x86)/atmel/studio/7.0/toolchain/avr8/avr8-gnu-toolchain/bin/../lib/gcc/avr/5.4.0/avr5\libgcc.a(_udivmod64.o)
 .bss           0x00000000        0x0 c:/program files (x86)/atmel/studio/7.0/toolchain/avr8/avr8-gnu-toolchain/bin/../lib/gcc/avr/5.4.0/avr5\libgcc.a(_udivmod64.o)
 .text.libgcc.mul
                0x00000000        0x0 c:/program files (x86)/atmel/studio/7.0/toolchain/avr8/avr8-gnu-toolchain/bin/../lib/gcc/avr/5.4.0/avr5\libgcc.a(_udivmod64.o)
 .text.libgcc.div
                0x00000000       0xa2 c:/program files (x86)/atmel/studio/7.0/toolchain/avr8/avr8-gnu-toolchain/bin/../lib/gcc/avr/5.4.0/avr5\libgcc.a(_udivmod64.o)
 .text.libgcc   0x00000000        0x0 c:/program files (x86)/atmel/studio/7.0/toolchain/avr8/avr8-gnu-toolchain/bin/../lib/gcc/avr/5.4.0/avr5\libgcc.a(_udivmod64.o)
 .text.libgcc.prologue
                0x00000000        0x0 c:/program files (x86)/atmel/studio/7.0/toolchain/avr8/avr8-gnu-toolchain/bin/../lib/gcc/avr/5.4.0/avr5\libgcc.a(_udivmod64.o)
 .text.libgcc.builtins
                0x00000000        0x0 c:/program files (x86)/atmel/studio/7.0/toolchain/avr8/avr8-gnu-toolchain/bin/../lib/gcc/avr/5.4.0/avr5\libgcc.a(_udivmod64.o)
 .text.libgcc.fmul
                0x00000000        0x0 c:/program files (x86)/atmel/studio/7.0/toolchain/avr8/avr8-gnu-toolchain/bin/../lib/gcc/avr/5.4.0/avr5\libgcc.a(_udivmod64.o)
 .text.libgcc.fixed
                0x00000000        0x0 c:/program files (x86)/atmel/studio/7.0/toolchain/avr8/avr8-gnu-toolchain/bin/../lib/gcc/avr/5.4.0/avr5\libgcc.a(_udivmod64.o)
 .text          0x00000000        0x0 c:/program files (x86)/atmel/studio/7.0/toolchain/avr8/avr8-gnu-toolchain/bin/../lib/gcc/avr/5.4.0/avr5\libgcc.a(_negdi2.o)
 .data          0x00000000        0x0 c:/program files (x86)/atmel/studio/7.0/toolchain/avr8/avr8-gnu-toolchain/bin/../lib/gcc/avr/5.4.0/avr5\libgcc.a(_negdi2.o)
 .bss           0x00000000        0x0 c:/program files (x86)/atmel/studio/7.0/toolchain/avr8/avr8-gnu-toolchain/bin/../lib/gcc/avr/5.4.0/avr5\libgcc.a(_negdi2.o)
 .text.libgcc.mul
                0x00000000        0x0 c:/program files (x86)/atmel/studio/7.0/toolchain/avr8/avr8-gnu-toolchain/bin/../lib/gcc/avr/5.4.0/avr5\libgcc.a(_negdi2.o)
 .text.libgcc.div
                0x00000000        0x0 c:/program files (x86)/atmel/studio/7.0/toolchain/avr8/avr8-gnu-toolchain/bin/../lib/gcc/avr/5.4.0/avr5\libgcc.a(_negdi2.o)
 .text.libgcc   0x00000000       0x20 c:/program files (x86)/atmel/studio/7.0/toolchain/avr8/avr8-gnu-toolchain/bin/../lib/gcc/avr/5.4.0/avr5\libgcc.a(_negdi2.o)
 .text.libgcc.prologue
                0x00000000        0x0 c:/program files (x86)/atmel/studio/7.0/toolchain/avr8/avr8-gnu-toolchain/bin/../lib/gcc/avr/5.4.0/avr5\libgcc.a(_negdi2.o)
 .text.libgcc.builtins
                0x00000000        0x0 c:/program files (x86)/atmel/studio/7.0/toolchain/avr8/avr8-gnu-toolchain/bin/../lib/gcc/avr/5.4.0/avr5\libgcc.a(_negdi2.o)
 .text.libgcc.fmul
                0x00000000        0x0 c:/program files (x86)/atmel/studio/7.0/toolchain/avr8/avr8-gnu-toolchain/bin/../lib/gcc/avr/5.4.0/avr5\libgcc.a(_negdi2.o)
 .text.libgcc.fixed
                0x00000000        0x0 c:/program files (x86)/atmel/studio/7.0/toolchain/avr8/avr8-gnu-toolchain/bin/../lib/gcc/avr/5.4.0/avr5\libgcc.a(_negdi2.o)
 .text          0x00000000        0x0 c:/program files (x86)/atmel/studio/7.0/toolchain/avr8/avr8-gnu-toolchain/bin/../lib/gcc/avr/5.4.0/avr5\libgcc.a(_prologue.o)
 .data          0x00000000        0x0 c:/program files (x86)/atmel/studio/7.0/toolchain/avr8/avr8-gnu-toolchain/bin/../lib/gcc/avr/5.4.0/avr5\libgcc.a(_prologue.o)
 .bss           0x00000000        0x0 c:/program files (x86)/atmel/studio/7.0/toolchain/avr8/avr8-gnu-toolchain/bin/../lib/gcc/avr/5.4.0/avr5\libgcc.a(_prologue.o)
 .text.libgcc.mul
                0x00000000        0x0 c:/program files (x86)/atmel/studio/7.0/toolchain/avr8/avr8-gnu-toolchain/bin/../lib/gcc/avr/5.4.0/avr5\libgcc.a(_prologue.o)
 .text.libgcc.div
                0x00000000        0x0 c:/program files (x86)/atmel/studio/7.0/toolchain/avr8/avr8-gnu-toolchain/bin/../lib/gcc/avr/5.4.0/avr5\libgcc.a(_prologue.o)
 .text.libgcc   0x00000000        0x0 c:/program files (x86)/atmel/studio/7.0/toolchain/avr8/avr8-gnu-toolchain/bin/../lib/gcc/avr/5.4.0/avr5\libgcc.a(_prologue.o)
 .text.libgcc.prologue
                0x00000000       0x38 c:/program files (x86)/atmel/studio/7.0/toolchain/avr8/avr8-gnu-toolchain/bin/../lib/gcc/avr/5.4.0/avr5\libgcc.a(_prologue.o)
 .text.libgcc.builtins
                0x00000000        0x0 c:/program files (x86)/atmel/studio/7.0/toolchain/avr8/avr8-gnu-toolchain/bin/../lib/gcc/avr/5.4.0/avr5\libgcc.a(_prologue.o)
 .text.libgcc.fmul
                0x00000000        0x0 c:/program files (x86)/atmel/studio/7.0/toolchain/avr8/avr8-gnu-toolchain/bin/../lib/gcc/avr/5.4.0/avr5\libgcc.a(_prologue.o)
 .text.libgcc.fixed
                0x00000000        0x0 c:/program files (x86)/atmel/studio/7.0/toolchain/avr8/avr8-gnu-toolchain/bin/../lib/gcc/avr/5.4.0/avr5\libgcc.a(_prologue.o)
 .text          0x00000000        0x0 c:/program files (x86)/atmel/studio/7.0/toolchain/avr8/avr8-gnu-toolchain/bin/../lib/gcc/avr/5.4.0/avr5\libgcc.a(_epilogue.o)
 .data          0x00000000        0x0 c:/program files (x86)/atmel/studio/7.0/toolchain/avr8/avr8-gnu-toolchain/bin/../lib/gcc/avr/5.4.0/avr5\libgcc.a(_epilogue.o)
 .bss           0x00000000        0x0 c:/program files (x86)/atmel/studio/7.0/toolchain/avr8/avr8-gnu-toolchain/bin/../lib/gcc/avr/5.4.0/avr5\libgcc.a(_epilogue.o)
 .text.libgcc.mul
                0x00000000        0x0 c:/program files (x86)/atmel/studio/7.0/toolchain/avr8/avr8-gnu-toolchain/bin/../lib/gcc/avr/5.4.0/avr5\libgcc.a(_epilogue.o)
 .text.libgcc.div
                0x00000000        0x0 c:/program files (x86)/atmel/studio/7.0/toolchain/avr8/avr8-gnu-toolchain/bin/../lib/gcc/avr/5.4.0/avr5\libgcc.a(_epilogue.o)
 .text.libgcc   0x00000000        0x0 c:/program files (x86)/atmel/studio/7.0/toolchain/avr8/avr8-gnu-toolchain/bin/../lib/gcc/avr/5.4.0/avr5\libgcc.a(_epilogue.o)
 .text.libgcc.prologue
                0x00000000       0x36 c:/program files (x86)/atmel/studio/7.0/toolchain/avr8/avr8-gnu-toolchain/bin/../lib/gcc/avr/5.4.0/avr5\libgcc.a(_epilogue.o)
 .text.libgcc.builtins
                0x00000000        0x0 c:/program files (x86)/atmel/studio/7.0/toolchain/avr8/avr8-gnu-toolchain/bin/../lib/gcc/avr/5.4.0/avr5\libgcc.a(_epilogue.o)
 .text.libgcc.fmul
                0x00000000        0x0 c:/program files (x86)/atmel/studio/7.0/toolchain/avr8/avr8-gnu-toolchain/bin/../lib/gcc/avr/5.4.0/avr5\libgcc.a(_epilogue.o)
 .text.libgcc.fixed
                0x00000000        0x0 c:/program files (x86)/atmel/studio/7.0/toolchain/avr8/avr8-gnu-toolchain/bin/../lib/gcc/avr/5.4.0/avr5\libgcc.a(_epilogue.o)
 .text          0x00000000        0x0 c:/program files (x86)/atmel/studio/7.0/toolchain/avr8/avr8-gnu-toolchain/bin/../lib/gcc/avr/5.4.0/avr5\libgcc.a(_cmpdi2_s8.o)
 .data          0x00000000        0x0 c:/program files (x86)/atmel/studio/7.0/toolchain/avr8/avr8-gnu-toolchain/bin/../lib/gcc/avr/5.4.0/avr5\libgcc.a(_cmpdi2_s8.o)
 .bss           0x00000000        0x0 c:/program files (x86)/atmel/studio/7.0/toolchain/avr8/avr8-gnu-toolchain/bin/../lib/gcc/avr/5.4.0/avr5\libgcc.a(_cmpdi2_s8.o)
 .text.libgcc.mul
                0x00000000        0x0 c:/program files (x86)/atmel/studio/7.0/toolchain/avr8/avr8-gnu-toolchain/bin/../lib/gcc/avr/5.4.0/avr5\libgcc.a(_cmpdi2_s8.o)
 .text.libgcc.div
                0x00000000        0x0 c:/program files (x86)/atmel/studio/7.0/toolchain/avr8/avr8-gnu-toolchain/bin/../lib/gcc/avr/5.4.0/avr5\libgcc.a(_cmpdi2_s8.o)
 .text.libgcc   0x00000000       0x18 c:/program files (x86)/atmel/studio/7.0/toolchain/avr8/avr8-gnu-toolchain/bin/../lib/gcc/avr/5.4.0/avr5\libgcc.a(_cmpdi2_s8.o)
 .text.libgcc.prologue
                0x00000000        0x0 c:/program files (x86)/atmel/studio/7.0/toolchain/avr8/avr8-gnu-toolchain/bin/../lib/gcc/avr/5.4.0/avr5\libgcc.a(_cmpdi2_s8.o)
 .text.libgcc.builtins
                0x00000000        0x0 c:/program files (x86)/atmel/studio/7.0/toolchain/avr8/avr8-gnu-toolchain/bin/../lib/gcc/avr/5.4.0/avr5\libgcc.a(_cmpdi2_s8.o)
 .text.libgcc.fmul
                0x00000000        0x0 c:/program files (x86)/atmel/studio/7.0/toolchain/avr8/avr8-gnu-toolchain/bin/../lib/gcc/avr/5.4.0/avr5\libgcc.a(_cmpdi2_s8.o)
 .text.libgcc.fixed
                0x00000000        0x0 c:/program files (x86)/atmel/studio/7.0/toolchain/avr8/avr8-gnu-toolchain/bin/../lib/gcc/avr/5.4.0/avr5\libgcc.a(_cmpdi2_s8.o)
 .text          0x00000000        0x0 c:/program files (x86)/atmel/studio/7.0/toolchain/avr8/avr8-gnu-toolchain/bin/../lib/gcc/avr/5.4.0/../../../../avr/lib/avr5\libc.a(memcpy.o)
 .data          0x00000000        0x0 c:/program files (x86)/atmel/studio/7.0/toolchain/avr8/avr8-gnu-toolchain/bin/../lib/gcc/avr/5.4.0/../../../../avr/lib/avr5\libc.a(memcpy.o)
 .bss           0x00000000        0x0 c:/program files (x86)/atmel/studio/7.0/toolchain/avr8/avr8-gnu-toolchain/bin/../lib/gcc/avr/5.4.0/../../../../avr/lib/avr5\libc.a(memcpy.o)

Memory Configuration

Name             Origin             Length             Attributes
text             0x00000000         0x00020000         xr
data             0x00800060         0x0000ffa0         rw !x
eeprom           0x00810000         0x00010000         rw !x
fuse             0x00820000         0x00000002         rw !x
lock             0x00830000         0x00000400         rw !x
signature        0x00840000         0x00000400         rw !x
user_signatures  0x00850000         0x00000400         rw !x
*default*        0x00000000         0xffffffff

Linker script and memory map

LOAD C:/Program Files (x86)/Atmel/Studio/7.0/Packs/atmel/ATmega_DFP/1.2.209/gcc/dev/atmega32/avr5/crtatmega32.o
LOAD AAL/main.o
LOAD HAL/lcd.o
LOAD MCAL/DIO.o
LOAD MCAL/DIO_PostBConfig.o
LOAD Services/DEBUG.o
LOAD Services/FreeRTOS/croutine.o
LOAD Services/FreeRTOS/event_groups.o
LOAD Services/FreeRTOS/list.o
LOAD Services/FreeRTOS/Portable/Compiler/port.o
LOAD Services/FreeRTOS/Portable/MemMang/heap_1.o
LOAD Services/FreeRTOS/queue.o
LOAD Services/FreeRTOS/stream_buffer.o
LOAD Services/FreeRTOS/tasks.o
LOAD Services/FreeRTOS/timers.o
LOAD Services/String_Manipulation.o
START GROUP
LOAD c:/program files (x86)/atmel/studio/7.0/toolchain/avr8/avr8-gnu-toolchain/bin/../lib/gcc/avr/5.4.0/../../../../avr/lib/avr5\libm.a
END GROUP
START GROUP
LOAD c:/program files (x86)/atmel/studio/7.0/toolchain/avr8/avr8-gnu-toolchain/bin/../lib/gcc/avr/5.4.0/avr5\libgcc.a
LOAD c:/program files (x86)/atmel/studio/7.0/toolchain/avr8/avr8-gnu-toolchain/bin/../lib/gcc/avr/5.4.0/../../../../avr/lib/avr5\libm.a
LOAD c:/program files (x86)/atmel/studio/7.0/toolchain/avr8/avr8-gnu-toolchain/bin/../lib/gcc/avr/5.4.0/../../../../avr/lib/avr5\libc.a
LOAD C:/Program Files (x86)/Atmel/Studio/7.0/Packs/atmel/ATmega_DFP/1.2.209/gcc/dev/atmega32/avr5\libatmega32.a
END GROUP
                0x00020000                __TEXT_REGION_LENGTH__ = DEFINED (__TEXT_REGION_LENGTH__)?__TEXT_REGION_LENGTH__:0x20000
                0x0000ffa0                __DATA_REGION_LENGTH__ = DEFINED (__DATA_REGION_LENGTH__)?__DATA_REGION_LENGTH__:0xffa0
                0x00010000                __EEPROM_REGION_LENGTH__ = DEFINED (__EEPROM_REGION_LENGTH__)?__EEPROM_REGION_LENGTH__:0x10000
                [0x00000002]                __FUSE_REGION_LENGTH__ = DEFINED (__FUSE_REGION_LENGTH__)?__FUSE_REGION_LENGTH__:0x400
                0x00000400                __LOCK_REGION_LENGTH__ = DEFINED (__LOCK_REGION_LENGTH__)?__LOCK_REGION_LENGTH__:0x400
                0x00000400                __SIGNATURE_REGION_LENGTH__ = DEFINED (__SIGNATURE_REGION_LENGTH__)?__SIGNATURE_REGION_LENGTH__:0x400
                0x00000400                __USER_SIGNATURE_REGION_LENGTH__ = DEFINED (__USER_SIGNATURE_REGION_LENGTH__)?__USER_SIGNATURE_REGION_LENGTH__:0x400

.hash
 *(.hash)

.dynsym
 *(.dynsym)

.dynstr
 *(.dynstr)

.gnu.version
 *(.gnu.version)

.gnu.version_d
 *(.gnu.version_d)

.gnu.version_r
 *(.gnu.version_r)

.rel.init
 *(.rel.init)

.rela.init
 *(.rela.init)

.rel.text
 *(.rel.text)
 *(.rel.text.*)
 *(.rel.gnu.linkonce.t*)

.rela.text
 *(.rela.text)
 *(.rela.text.*)
 *(.rela.gnu.linkonce.t*)

.rel.fini
 *(.rel.fini)

.rela.fini
 *(.rela.fini)

.rel.rodata
 *(.rel.rodata)
 *(.rel.rodata.*)
 *(.rel.gnu.linkonce.r*)

.rela.rodata
 *(.rela.rodata)
 *(.rela.rodata.*)
 *(.rela.gnu.linkonce.r*)

.rel.data
 *(.rel.data)
 *(.rel.data.*)
 *(.rel.gnu.linkonce.d*)

.rela.data
 *(.rela.data)
 *(.rela.data.*)
 *(.rela.gnu.linkonce.d*)

.rel.ctors
 *(.rel.ctors)

.rela.ctors
 *(.rela.ctors)

.rel.dtors
 *(.rel.dtors)

.rela.dtors
 *(.rela.dtors)

.rel.got
 *(.rel.got)

.rela.got
 *(.rela.got)

.rel.bss
 *(.rel.bss)

.rela.bss
 *(.rela.bss)

.rel.plt
 *(.rel.plt)

.rela.plt
 *(.rela.plt)

.text           0x00000000     0x1bee
 *(.vectors)
 .vectors       0x00000000       0x54 C:/Program Files (x86)/Atmel/Studio/7.0/Packs/atmel/ATmega_DFP/1.2.209/gcc/dev/atmega32/avr5/crtatmega32.o
                0x00000000                __vector_default
                0x00000000                __vectors
 *(.vectors)
 *(.progmem.gcc*)
                0x00000054                . = ALIGN (0x2)
                0x00000054                __trampolines_start = .
 *(.trampolines)
 .trampolines   0x00000054        0x0 linker stubs
 *(.trampolines*)
                0x00000054                __trampolines_end = .
 *libprintf_flt.a:*(.progmem.data)
 *libc.a:*(.progmem.data)
 *(.progmem*)
                0x00000054                . = ALIGN (0x2)
 *(.jumptables)
 *(.jumptables*)
 *(.lowtext)
 *(.lowtext*)
                0x00000054                __ctors_start = .
 *(.ctors)
                0x00000054                __ctors_end = .
                0x00000054                __dtors_start = .
 *(.dtors)
                0x00000054                __dtors_end = .
 SORT(*)(.ctors)
 SORT(*)(.dtors)
 *(.init0)
 .init0         0x00000054        0x0 C:/Program Files (x86)/Atmel/Studio/7.0/Packs/atmel/ATmega_DFP/1.2.209/gcc/dev/atmega32/avr5/crtatmega32.o
                0x00000054                __init
 *(.init0)
 *(.init1)
 *(.init1)
 *(.init2)
 .init2         0x00000054        0xc C:/Program Files (x86)/Atmel/Studio/7.0/Packs/atmel/ATmega_DFP/1.2.209/gcc/dev/atmega32/avr5/crtatmega32.o
 *(.init2)
 *(.init3)
 *(.init3)
 *(.init4)
 .init4         0x00000060       0x16 c:/program files (x86)/atmel/studio/7.0/toolchain/avr8/avr8-gnu-toolchain/bin/../lib/gcc/avr/5.4.0/avr5\libgcc.a(_copy_data.o)
                0x00000060                __do_copy_data
 .init4         0x00000076       0x10 c:/program files (x86)/atmel/studio/7.0/toolchain/avr8/avr8-gnu-toolchain/bin/../lib/gcc/avr/5.4.0/avr5\libgcc.a(_clear_bss.o)
                0x00000076                __do_clear_bss
 *(.init4)
 *(.init5)
 *(.init5)
 *(.init6)
 *(.init6)
 *(.init7)
 *(.init7)
 *(.init8)
 *(.init8)
 *(.init9)
 .init9         0x00000086        0x8 C:/Program Files (x86)/Atmel/Studio/7.0/Packs/atmel/ATmega_DFP/1.2.209/gcc/dev/atmega32/avr5/crtatmega32.o
 *(.init9)
 *(.text)
 .text          0x0000008e        0x4 C:/Program Files (x86)/Atmel/Studio/7.0/Packs/atmel/ATmega_DFP/1.2.209/gcc/dev/atmega32/avr5/crtatmega32.o
                0x0000008e                __vector_1
                0x0000008e                __vector_12
                0x0000008e                __bad_interrupt
                0x0000008e                __vector_6
                0x0000008e                __vector_3
                0x0000008e                __vector_11
                0x0000008e                __vector_13
                0x0000008e                __vector_17
                0x0000008e                __vector_19
                0x0000008e                __vector_5
                0x0000008e                __vector_4
                0x0000008e                __vector_9
                0x0000008e                __vector_2
                0x0000008e                __vector_15
                0x0000008e                __vector_8
                0x0000008e                __vector_14
                0x0000008e                __vector_10
                0x0000008e                __vector_16
                0x0000008e                __vector_18
                0x0000008e                __vector_20
                0x00000092                . = ALIGN (0x2)
 *(.text.*)
 .text.System_Init
                0x00000092       0x92 AAL/main.o
                0x00000092                System_Init
 .text.Check_Switch0
                0x00000124       0x7a AAL/main.o
                0x00000124                Check_Switch0
 .text.Check_Switch1
                0x0000019e       0x7a AAL/main.o
                0x0000019e                Check_Switch1
 .text.Monitoring_Task
                0x00000218      0x138 AAL/main.o
                0x00000218                Monitoring_Task
 .text.Led_On_Off_Task
                0x00000350       0xbc AAL/main.o
                0x00000350                Led_On_Off_Task
 .text.main     0x0000040c       0xbe AAL/main.o
                0x0000040c                main
 .text.LCD_sendCommand
                0x000004ca       0x52 HAL/lcd.o
                0x000004ca                LCD_sendCommand
 .text.LCD_init
                0x0000051c       0x26 HAL/lcd.o
                0x0000051c                LCD_init
 .text.LCD_displayCharacter
                0x00000542       0x54 HAL/lcd.o
                0x00000542                LCD_displayCharacter
 .text.LCD_displayString
                0x00000596       0x2c HAL/lcd.o
                0x00000596                LCD_displayString
 .text.LCD_goToRowColumn
                0x000005c2       0x1c HAL/lcd.o
                0x000005c2                LCD_goToRowColumn
 .text.LCD_displayStringRowColumn
                0x000005de       0x16 HAL/lcd.o
                0x000005de                LCD_displayStringRowColumn
 .text.DIO_Init_Pin
                0x000005f4      0x12c MCAL/DIO.o
                0x000005f4                DIO_Init_Pin
 .text.DIO_Read_Pin
                0x00000720       0xa8 MCAL/DIO.o
                0x00000720                DIO_Read_Pin
 .text.DIO_Write_Pin
                0x000007c8      0x12c MCAL/DIO.o
                0x000007c8                DIO_Write_Pin
 .text.DIO_toggle_Pin
                0x000008f4       0xa0 MCAL/DIO.o
                0x000008f4                DIO_toggle_Pin
 .text.Debug_By_Toggle
                0x00000994       0x14 Services/DEBUG.o
                0x00000994                Debug_By_Toggle
 .text.vListInitialise
                0x000009a8       0x1c Services/FreeRTOS/list.o
                0x000009a8                vListInitialise
 .text.vListInitialiseItem
                0x000009c4        0x8 Services/FreeRTOS/list.o
                0x000009c4                vListInitialiseItem
 .text.vListInsertEnd
                0x000009cc       0x42 Services/FreeRTOS/list.o
                0x000009cc                vListInsertEnd
 .text.vListInsert
                0x00000a0e       0x62 Services/FreeRTOS/list.o
                0x00000a0e                vListInsert
 .text.uxListRemove
                0x00000a70       0x4e Services/FreeRTOS/list.o
                0x00000a70                uxListRemove
 .text.pxPortInitialiseStack
                0x00000abe       0xd8 Services/FreeRTOS/Portable/Compiler/port.o
                0x00000abe                pxPortInitialiseStack
 .text.xPortStartScheduler
                0x00000b96       0x6a Services/FreeRTOS/Portable/Compiler/port.o
                0x00000b96                xPortStartScheduler
 .text.vPortYield
                0x00000c00       0xb2 Services/FreeRTOS/Portable/Compiler/port.o
                0x00000c00                vPortYield
 .text.__vector_7
                0x00000cb2       0x48 Services/FreeRTOS/Portable/Compiler/port.o
                0x00000cb2                __vector_7
 .text.pvPortMalloc
                0x00000cfa       0x6a Services/FreeRTOS/Portable/MemMang/heap_1.o
                0x00000cfa                pvPortMalloc
 .text.vPortFree
                0x00000d64        0x2 Services/FreeRTOS/Portable/MemMang/heap_1.o
                0x00000d64                vPortFree
 .text.prvIsQueueEmpty
                0x00000d66       0x16 Services/FreeRTOS/queue.o
 .text.prvCopyDataToQueue
                0x00000d7c       0x92 Services/FreeRTOS/queue.o
 .text.prvUnlockQueue
                0x00000e0e       0x9a Services/FreeRTOS/queue.o
 .text.xQueueGenericReset
                0x00000ea8       0x84 Services/FreeRTOS/queue.o
                0x00000ea8                xQueueGenericReset
 .text.xQueueGenericCreate
                0x00000f2c       0x5a Services/FreeRTOS/queue.o
                0x00000f2c                xQueueGenericCreate
 .text.xQueueCreateCountingSemaphore
                0x00000f86       0x18 Services/FreeRTOS/queue.o
                0x00000f86                xQueueCreateCountingSemaphore
 .text.xQueueGenericSend
                0x00000f9e      0x132 Services/FreeRTOS/queue.o
                0x00000f9e                xQueueGenericSend
 .text.xQueueSemaphoreTake
                0x000010d0      0x114 Services/FreeRTOS/queue.o
                0x000010d0                xQueueSemaphoreTake
 .text.uxQueueMessagesWaiting
                0x000011e4       0x10 Services/FreeRTOS/queue.o
                0x000011e4                uxQueueMessagesWaiting
 .text.prvResetNextTaskUnblockTime
                0x000011f4       0x3e Services/FreeRTOS/tasks.o
 .text.prvIdleTask
                0x00001232       0x5c Services/FreeRTOS/tasks.o
 .text.prvAddCurrentTaskToDelayedList
                0x0000128e       0xb0 Services/FreeRTOS/tasks.o
 .text.xTaskCreate
                0x0000133e      0x218 Services/FreeRTOS/tasks.o
                0x0000133e                xTaskCreate
 .text.vTaskResume
                0x00001556       0x8e Services/FreeRTOS/tasks.o
                0x00001556                vTaskResume
 .text.vTaskStartScheduler
                0x000015e4       0x54 Services/FreeRTOS/tasks.o
                0x000015e4                vTaskStartScheduler
 .text.vTaskSuspendAll
                0x00001638        0xc Services/FreeRTOS/tasks.o
                0x00001638                vTaskSuspendAll
 .text.xTaskGetTickCount
                0x00001644       0x14 Services/FreeRTOS/tasks.o
                0x00001644                xTaskGetTickCount
 .text.xTaskIncrementTick
                0x00001658      0x140 Services/FreeRTOS/tasks.o
                0x00001658                xTaskIncrementTick
 .text.xTaskResumeAll
                0x00001798       0xee Services/FreeRTOS/tasks.o
                0x00001798                xTaskResumeAll
 .text.vTaskDelayUntil
                0x00001886       0x7c Services/FreeRTOS/tasks.o
                0x00001886                vTaskDelayUntil
 .text.vTaskDelay
                0x00001902       0x28 Services/FreeRTOS/tasks.o
                0x00001902                vTaskDelay
 .text.vTaskSwitchContext
                0x0000192a       0xcc Services/FreeRTOS/tasks.o
                0x0000192a                vTaskSwitchContext
 .text.vTaskSuspend
                0x000019f6       0xa4 Services/FreeRTOS/tasks.o
                0x000019f6                vTaskSuspend
 .text.vTaskPlaceOnEventList
                0x00001a9a       0x24 Services/FreeRTOS/tasks.o
                0x00001a9a                vTaskPlaceOnEventList
 .text.xTaskRemoveFromEventList
                0x00001abe       0x90 Services/FreeRTOS/tasks.o
                0x00001abe                xTaskRemoveFromEventList
 .text.vTaskInternalSetTimeOutState
                0x00001b4e       0x16 Services/FreeRTOS/tasks.o
                0x00001b4e                vTaskInternalSetTimeOutState
 .text.xTaskCheckForTimeOut
                0x00001b64       0x6c Services/FreeRTOS/tasks.o
                0x00001b64                xTaskCheckForTimeOut
 .text.vTaskMissedYield
                0x00001bd0        0x8 Services/FreeRTOS/tasks.o
                0x00001bd0                vTaskMissedYield
 .text.avr-libc
                0x00001bd8       0x12 c:/program files (x86)/atmel/studio/7.0/toolchain/avr8/avr8-gnu-toolchain/bin/../lib/gcc/avr/5.4.0/../../../../avr/lib/avr5\libc.a(memcpy.o)
                0x00001bd8                memcpy
                0x00001bea                . = ALIGN (0x2)
 *(.fini9)
 .fini9         0x00001bea        0x0 c:/program files (x86)/atmel/studio/7.0/toolchain/avr8/avr8-gnu-toolchain/bin/../lib/gcc/avr/5.4.0/avr5\libgcc.a(_exit.o)
                0x00001bea                _exit
                0x00001bea                exit
 *(.fini9)
 *(.fini8)
 *(.fini8)
 *(.fini7)
 *(.fini7)
 *(.fini6)
 *(.fini6)
 *(.fini5)
 *(.fini5)
 *(.fini4)
 *(.fini4)
 *(.fini3)
 *(.fini3)
 *(.fini2)
 *(.fini2)
 *(.fini1)
 *(.fini1)
 *(.fini0)
 .fini0         0x00001bea        0x4 c:/program files (x86)/atmel/studio/7.0/toolchain/avr8/avr8-gnu-toolchain/bin/../lib/gcc/avr/5.4.0/avr5\libgcc.a(_exit.o)
 *(.fini0)
                0x00001bee                _etext = .

.data           0x00800060       0x36 load address 0x00001bee
                0x00800060                PROVIDE (__data_start, .)
 *(.data)
 *(.data*)
 .data.Switches_OFF_Array
                0x00800060       0x10 AAL/main.o
                0x00800060                Switches_OFF_Array
 .data.Switch0_ON_Array
                0x00800070       0x10 AAL/main.o
                0x00800070                Switch0_ON_Array
 .data.Switch1_ON_Array
                0x00800080       0x10 AAL/main.o
                0x00800080                Switch1_ON_Array
 *(.gnu.linkonce.d*)
 *(.rodata)
 *(.rodata*)
 .rodata.str1.1
                0x00800090        0x5 Services/FreeRTOS/tasks.o
 *(.gnu.linkonce.r*)
                0x00800096                . = ALIGN (0x2)
 *fill*         0x00800095        0x1 
                0x00800096                _edata = .
                0x00800096                PROVIDE (__data_end, .)

.bss            0x00800096      0x665
                0x00800096                PROVIDE (__bss_start, .)
 *(.bss)
 *(.bss*)
 .bss.Monitoring_Handler
                0x00800096        0x2 AAL/main.o
                0x00800096                Monitoring_Handler
 .bss.Switch1_Handler
                0x00800098        0x2 AAL/main.o
                0x00800098                Switch1_Handler
 .bss.Switch0_Handler
                0x0080009a        0x2 AAL/main.o
                0x0080009a                Switch0_Handler
 .bss.SYS_Handler
                0x0080009c        0x2 AAL/main.o
                0x0080009c                SYS_Handler
 .bss.Led_On_Off_Handler
                0x0080009e        0x2 AAL/main.o
                0x0080009e                Led_On_Off_Handler
 .bss.pucAlignedHeap.2084
                0x008000a0        0x2 Services/FreeRTOS/Portable/MemMang/heap_1.o
 .bss.xNextFreeByte
                0x008000a2        0x2 Services/FreeRTOS/Portable/MemMang/heap_1.o
 .bss.ucHeap    0x008000a4      0x5dc Services/FreeRTOS/Portable/MemMang/heap_1.o
 .bss.uxSchedulerSuspended
                0x00800680        0x1 Services/FreeRTOS/tasks.o
 .bss.xIdleTaskHandle
                0x00800681        0x2 Services/FreeRTOS/tasks.o
 .bss.xNextTaskUnblockTime
                0x00800683        0x2 Services/FreeRTOS/tasks.o
 .bss.uxTaskNumber
                0x00800685        0x1 Services/FreeRTOS/tasks.o
 .bss.xNumOfOverflows
                0x00800686        0x1 Services/FreeRTOS/tasks.o
 .bss.xYieldPending
                0x00800687        0x1 Services/FreeRTOS/tasks.o
 .bss.uxPendedTicks
                0x00800688        0x1 Services/FreeRTOS/tasks.o
 .bss.xSchedulerRunning
                0x00800689        0x1 Services/FreeRTOS/tasks.o
 .bss.uxTopReadyPriority
                0x0080068a        0x1 Services/FreeRTOS/tasks.o
 .bss.xTickCount
                0x0080068b        0x2 Services/FreeRTOS/tasks.o
 .bss.uxCurrentNumberOfTasks
                0x0080068d        0x1 Services/FreeRTOS/tasks.o
 .bss.xSuspendedTaskList
                0x0080068e        0x9 Services/FreeRTOS/tasks.o
 .bss.uxDeletedTasksWaitingCleanUp
                0x00800697        0x1 Services/FreeRTOS/tasks.o
 .bss.xTasksWaitingTermination
                0x00800698        0x9 Services/FreeRTOS/tasks.o
 .bss.xPendingReadyList
                0x008006a1        0x9 Services/FreeRTOS/tasks.o
 .bss.pxOverflowDelayedTaskList
                0x008006aa        0x2 Services/FreeRTOS/tasks.o
 .bss.pxDelayedTaskList
                0x008006ac        0x2 Services/FreeRTOS/tasks.o
 .bss.xDelayedTaskList2
                0x008006ae        0x9 Services/FreeRTOS/tasks.o
 .bss.xDelayedTaskList1
                0x008006b7        0x9 Services/FreeRTOS/tasks.o
 .bss.pxReadyTasksLists
                0x008006c0       0x2d Services/FreeRTOS/tasks.o
 .bss.pxCurrentTCB
                0x008006ed        0x2 Services/FreeRTOS/tasks.o
                0x008006ed                pxCurrentTCB
 *(COMMON)
 COMMON         0x008006ef        0xc AAL/main.o
                0x008006ef                Switch0_is_set_Semaphore
                0x008006f1                xMutualLastWakeTime
                0x008006f3                Led_On_Off_Semaphore
                0x008006f5                Switch1_Couting_Semaphore
                0x008006f7                Switch1_is_set_Semaphore
                0x008006f9                Switch0_Couting_Semaphore
                0x008006fb                PROVIDE (__bss_end, .)
                0x00001bee                __data_load_start = LOADADDR (.data)
                0x00001c24                __data_load_end = (__data_load_start + SIZEOF (.data))

.noinit         0x008006fb        0x0
                [!provide]                PROVIDE (__noinit_start, .)
 *(.noinit*)
                [!provide]                PROVIDE (__noinit_end, .)
                0x008006fb                _end = .
                [!provide]                PROVIDE (__heap_start, .)

.eeprom         0x00810000        0x0
 *(.eeprom*)
                0x00810000                __eeprom_end = .

.fuse
 *(.fuse)
 *(.lfuse)
 *(.hfuse)
 *(.efuse)

.lock
 *(.lock*)

.signature
 *(.signature*)

.user_signatures
 *(.user_signatures*)

.stab
 *(.stab)

.stabstr
 *(.stabstr)

.stab.excl
 *(.stab.excl)

.stab.exclstr
 *(.stab.exclstr)

.stab.index
 *(.stab.index)

.stab.indexstr
 *(.stab.indexstr)

.comment        0x00000000       0x30
 *(.comment)
 .comment       0x00000000       0x30 AAL/main.o
                                 0x31 (size before relaxing)
 .comment       0x00000030       0x31 HAL/lcd.o
 .comment       0x00000030       0x31 MCAL/DIO.o
 .comment       0x00000030       0x31 Services/DEBUG.o
 .comment       0x00000030       0x31 Services/FreeRTOS/list.o
 .comment       0x00000030       0x31 Services/FreeRTOS/Portable/Compiler/port.o
 .comment       0x00000030       0x31 Services/FreeRTOS/Portable/MemMang/heap_1.o
 .comment       0x00000030       0x31 Services/FreeRTOS/queue.o
 .comment       0x00000030       0x31 Services/FreeRTOS/tasks.o

.note.gnu.avr.deviceinfo
                0x00000000       0x3c
 .note.gnu.avr.deviceinfo
                0x00000000       0x3c C:/Program Files (x86)/Atmel/Studio/7.0/Packs/atmel/ATmega_DFP/1.2.209/gcc/dev/atmega32/avr5/crtatmega32.o

.note.gnu.build-id
 *(.note.gnu.build-id)

.debug
 *(.debug)

.line
 *(.line)

.debug_srcinfo
 *(.debug_srcinfo)

.debug_sfnames
 *(.debug_sfnames)

.debug_aranges  0x00000000      0x3e8
 *(.debug_aranges)
 .debug_aranges
                0x00000000       0x48 AAL/main.o
 .debug_aranges
                0x00000048       0x50 HAL/lcd.o
 .debug_aranges
                0x00000098       0x78 MCAL/DIO.o
 .debug_aranges
                0x00000110       0x20 Services/DEBUG.o
 .debug_aranges
                0x00000130       0x40 Services/FreeRTOS/list.o
 .debug_aranges
                0x00000170       0x48 Services/FreeRTOS/Portable/Compiler/port.o
 .debug_aranges
                0x000001b8       0x38 Services/FreeRTOS/Portable/MemMang/heap_1.o
 .debug_aranges
                0x000001f0       0xc0 Services/FreeRTOS/queue.o
 .debug_aranges
                0x000002b0      0x138 Services/FreeRTOS/tasks.o

.debug_pubnames
 *(.debug_pubnames)

.debug_info     0x00000000     0x510b
 *(.debug_info .gnu.linkonce.wi.*)
 .debug_info    0x00000000      0x4e6 C:/Program Files (x86)/Atmel/Studio/7.0/Packs/atmel/ATmega_DFP/1.2.209/gcc/dev/atmega32/avr5/crtatmega32.o
 .debug_info    0x000004e6      0xce0 AAL/main.o
 .debug_info    0x000011c6      0x405 HAL/lcd.o
 .debug_info    0x000015cb      0x40a MCAL/DIO.o
 .debug_info    0x000019d5       0xf6 Services/DEBUG.o
 .debug_info    0x00001acb      0x2d8 Services/FreeRTOS/list.o
 .debug_info    0x00001da3      0x263 Services/FreeRTOS/Portable/Compiler/port.o
 .debug_info    0x00002006      0x1a4 Services/FreeRTOS/Portable/MemMang/heap_1.o
 .debug_info    0x000021aa     0x1499 Services/FreeRTOS/queue.o
 .debug_info    0x00003643     0x1ac8 Services/FreeRTOS/tasks.o

.debug_abbrev   0x00000000     0x1298
 *(.debug_abbrev)
 .debug_abbrev  0x00000000      0x4a3 C:/Program Files (x86)/Atmel/Studio/7.0/Packs/atmel/ATmega_DFP/1.2.209/gcc/dev/atmega32/avr5/crtatmega32.o
 .debug_abbrev  0x000004a3      0x191 AAL/main.o
 .debug_abbrev  0x00000634      0x13f HAL/lcd.o
 .debug_abbrev  0x00000773      0x133 MCAL/DIO.o
 .debug_abbrev  0x000008a6       0x98 Services/DEBUG.o
 .debug_abbrev  0x0000093e       0xff Services/FreeRTOS/list.o
 .debug_abbrev  0x00000a3d      0x16f Services/FreeRTOS/Portable/Compiler/port.o
 .debug_abbrev  0x00000bac      0x11c Services/FreeRTOS/Portable/MemMang/heap_1.o
 .debug_abbrev  0x00000cc8      0x2af Services/FreeRTOS/queue.o
 .debug_abbrev  0x00000f77      0x321 Services/FreeRTOS/tasks.o

.debug_line     0x00000000     0x308b
 *(.debug_line .debug_line.* .debug_line_end)
 .debug_line    0x00000000      0x115 C:/Program Files (x86)/Atmel/Studio/7.0/Packs/atmel/ATmega_DFP/1.2.209/gcc/dev/atmega32/avr5/crtatmega32.o
 .debug_line    0x00000115      0x39a AAL/main.o
 .debug_line    0x000004af      0x283 HAL/lcd.o
 .debug_line    0x00000732      0x949 MCAL/DIO.o
 .debug_line    0x0000107b       0x77 Services/DEBUG.o
 .debug_line    0x000010f2      0x209 Services/FreeRTOS/list.o
 .debug_line    0x000012fb      0x2d5 Services/FreeRTOS/Portable/Compiler/port.o
 .debug_line    0x000015d0      0x1ea Services/FreeRTOS/Portable/MemMang/heap_1.o
 .debug_line    0x000017ba      0xa31 Services/FreeRTOS/queue.o
 .debug_line    0x000021eb      0xea0 Services/FreeRTOS/tasks.o

.debug_frame    0x00000000      0xb94
 *(.debug_frame)
 .debug_frame   0x00000000       0xc4 AAL/main.o
 .debug_frame   0x000000c4       0xb0 HAL/lcd.o
 .debug_frame   0x00000174       0xd4 MCAL/DIO.o
 .debug_frame   0x00000248       0x2c Services/DEBUG.o
 .debug_frame   0x00000274       0x88 Services/FreeRTOS/list.o
 .debug_frame   0x000002fc       0xbc Services/FreeRTOS/Portable/Compiler/port.o
 .debug_frame   0x000003b8       0x60 Services/FreeRTOS/Portable/MemMang/heap_1.o
 .debug_frame   0x00000418      0x304 Services/FreeRTOS/queue.o
 .debug_frame   0x0000071c      0x478 Services/FreeRTOS/tasks.o

.debug_str      0x00000000     0x186a
 *(.debug_str)
 .debug_str     0x00000000      0x196 C:/Program Files (x86)/Atmel/Studio/7.0/Packs/atmel/ATmega_DFP/1.2.209/gcc/dev/atmega32/avr5/crtatmega32.o
 .debug_str     0x00000196      0x597 AAL/main.o
                                0x5e2 (size before relaxing)
 .debug_str     0x0000072d      0x150 HAL/lcd.o
                                0x332 (size before relaxing)
 .debug_str     0x0000087d      0x11b MCAL/DIO.o
                                0x2d0 (size before relaxing)
 .debug_str     0x00000998       0x1b Services/DEBUG.o
                                0x1c3 (size before relaxing)
 .debug_str     0x000009b3      0x139 Services/FreeRTOS/list.o
                                0x2c9 (size before relaxing)
 .debug_str     0x00000aec      0x143 Services/FreeRTOS/Portable/Compiler/port.o
                                0x2d4 (size before relaxing)
 .debug_str     0x00000c2f       0xd0 Services/FreeRTOS/Portable/MemMang/heap_1.o
                                0x24b (size before relaxing)
 .debug_str     0x00000cff      0x443 Services/FreeRTOS/queue.o
                                0x7b0 (size before relaxing)
 .debug_str     0x00001142      0x728 Services/FreeRTOS/tasks.o
                                0xc31 (size before relaxing)

.debug_loc      0x00000000     0x50f4
 *(.debug_loc)
 .debug_loc     0x00000000      0x258 AAL/main.o
 .debug_loc     0x00000258      0x244 HAL/lcd.o
 .debug_loc     0x0000049c     0x10a9 MCAL/DIO.o
 .debug_loc     0x00001545       0x4e Services/DEBUG.o
 .debug_loc     0x00001593      0x145 Services/FreeRTOS/list.o
 .debug_loc     0x000016d8      0x36b Services/FreeRTOS/Portable/Compiler/port.o
 .debug_loc     0x00001a43       0xf1 Services/FreeRTOS/Portable/MemMang/heap_1.o
 .debug_loc     0x00001b34     0x18ec Services/FreeRTOS/queue.o
 .debug_loc     0x00003420     0x1cd4 Services/FreeRTOS/tasks.o

.debug_macinfo
 *(.debug_macinfo)

.debug_weaknames
 *(.debug_weaknames)

.debug_funcnames
 *(.debug_funcnames)

.debug_typenames
 *(.debug_typenames)

.debug_varnames
 *(.debug_varnames)

.debug_pubtypes
 *(.debug_pubtypes)

.debug_ranges   0x00000000      0x430
 *(.debug_ranges)
 .debug_ranges  0x00000000       0x38 AAL/main.o
 .debug_ranges  0x00000038       0x40 HAL/lcd.o
 .debug_ranges  0x00000078       0x68 MCAL/DIO.o
 .debug_ranges  0x000000e0       0x10 Services/DEBUG.o
 .debug_ranges  0x000000f0       0x30 Services/FreeRTOS/list.o
 .debug_ranges  0x00000120       0x38 Services/FreeRTOS/Portable/Compiler/port.o
 .debug_ranges  0x00000158       0x28 Services/FreeRTOS/Portable/MemMang/heap_1.o
 .debug_ranges  0x00000180      0x140 Services/FreeRTOS/queue.o
 .debug_ranges  0x000002c0      0x170 Services/FreeRTOS/tasks.o

.debug_macro
 *(.debug_macro)
OUTPUT(Two_Switches.elf elf32-avr)
LOAD linker stubs
