Archive member included to satisfy reference by file (symbol)

c:/program files (x86)/atmel/studio/7.0/toolchain/avr8/avr8-gnu-toolchain/bin/../lib/gcc/avr/5.4.0/../../../../avr/lib/avr5\libm.a(divsf3.o)
                              AAL/main.o (__divsf3)
c:/program files (x86)/atmel/studio/7.0/toolchain/avr8/avr8-gnu-toolchain/bin/../lib/gcc/avr/5.4.0/../../../../avr/lib/avr5\libm.a(divsf3x.o)
                              c:/program files (x86)/atmel/studio/7.0/toolchain/avr8/avr8-gnu-toolchain/bin/../lib/gcc/avr/5.4.0/../../../../avr/lib/avr5\libm.a(divsf3.o) (__divsf3x)
c:/program files (x86)/atmel/studio/7.0/toolchain/avr8/avr8-gnu-toolchain/bin/../lib/gcc/avr/5.4.0/../../../../avr/lib/avr5\libm.a(fixsfdi.o)
                              Service/String_Manipulation.o (__fixsfdi)
c:/program files (x86)/atmel/studio/7.0/toolchain/avr8/avr8-gnu-toolchain/bin/../lib/gcc/avr/5.4.0/../../../../avr/lib/avr5\libm.a(fixunssfsi.o)
                              AAL/main.o (__fixunssfsi)
c:/program files (x86)/atmel/studio/7.0/toolchain/avr8/avr8-gnu-toolchain/bin/../lib/gcc/avr/5.4.0/../../../../avr/lib/avr5\libm.a(floatsisf.o)
                              AAL/main.o (__floatunsisf)
c:/program files (x86)/atmel/studio/7.0/toolchain/avr8/avr8-gnu-toolchain/bin/../lib/gcc/avr/5.4.0/../../../../avr/lib/avr5\libm.a(fp_inf.o)
                              c:/program files (x86)/atmel/studio/7.0/toolchain/avr8/avr8-gnu-toolchain/bin/../lib/gcc/avr/5.4.0/../../../../avr/lib/avr5\libm.a(divsf3x.o) (__fp_inf)
c:/program files (x86)/atmel/studio/7.0/toolchain/avr8/avr8-gnu-toolchain/bin/../lib/gcc/avr/5.4.0/../../../../avr/lib/avr5\libm.a(fp_nan.o)
                              c:/program files (x86)/atmel/studio/7.0/toolchain/avr8/avr8-gnu-toolchain/bin/../lib/gcc/avr/5.4.0/../../../../avr/lib/avr5\libm.a(divsf3x.o) (__fp_nan)
c:/program files (x86)/atmel/studio/7.0/toolchain/avr8/avr8-gnu-toolchain/bin/../lib/gcc/avr/5.4.0/../../../../avr/lib/avr5\libm.a(fp_negdi.o)
                              c:/program files (x86)/atmel/studio/7.0/toolchain/avr8/avr8-gnu-toolchain/bin/../lib/gcc/avr/5.4.0/../../../../avr/lib/avr5\libm.a(fixsfdi.o) (__fp_negdi)
c:/program files (x86)/atmel/studio/7.0/toolchain/avr8/avr8-gnu-toolchain/bin/../lib/gcc/avr/5.4.0/../../../../avr/lib/avr5\libm.a(fp_pscA.o)
                              c:/program files (x86)/atmel/studio/7.0/toolchain/avr8/avr8-gnu-toolchain/bin/../lib/gcc/avr/5.4.0/../../../../avr/lib/avr5\libm.a(divsf3x.o) (__fp_pscA)
c:/program files (x86)/atmel/studio/7.0/toolchain/avr8/avr8-gnu-toolchain/bin/../lib/gcc/avr/5.4.0/../../../../avr/lib/avr5\libm.a(fp_pscB.o)
                              c:/program files (x86)/atmel/studio/7.0/toolchain/avr8/avr8-gnu-toolchain/bin/../lib/gcc/avr/5.4.0/../../../../avr/lib/avr5\libm.a(divsf3x.o) (__fp_pscB)
c:/program files (x86)/atmel/studio/7.0/toolchain/avr8/avr8-gnu-toolchain/bin/../lib/gcc/avr/5.4.0/../../../../avr/lib/avr5\libm.a(fp_round.o)
                              c:/program files (x86)/atmel/studio/7.0/toolchain/avr8/avr8-gnu-toolchain/bin/../lib/gcc/avr/5.4.0/../../../../avr/lib/avr5\libm.a(divsf3.o) (__fp_round)
c:/program files (x86)/atmel/studio/7.0/toolchain/avr8/avr8-gnu-toolchain/bin/../lib/gcc/avr/5.4.0/../../../../avr/lib/avr5\libm.a(fp_split3.o)
                              c:/program files (x86)/atmel/studio/7.0/toolchain/avr8/avr8-gnu-toolchain/bin/../lib/gcc/avr/5.4.0/../../../../avr/lib/avr5\libm.a(divsf3x.o) (__fp_split3)
c:/program files (x86)/atmel/studio/7.0/toolchain/avr8/avr8-gnu-toolchain/bin/../lib/gcc/avr/5.4.0/../../../../avr/lib/avr5\libm.a(fp_zero.o)
                              c:/program files (x86)/atmel/studio/7.0/toolchain/avr8/avr8-gnu-toolchain/bin/../lib/gcc/avr/5.4.0/../../../../avr/lib/avr5\libm.a(fixunssfsi.o) (__fp_zero)
c:/program files (x86)/atmel/studio/7.0/toolchain/avr8/avr8-gnu-toolchain/bin/../lib/gcc/avr/5.4.0/../../../../avr/lib/avr5\libm.a(pow.o)
                              Service/String_Manipulation.o (pow)
c:/program files (x86)/atmel/studio/7.0/toolchain/avr8/avr8-gnu-toolchain/bin/../lib/gcc/avr/5.4.0/../../../../avr/lib/avr5\libm.a(exp.o)
                              c:/program files (x86)/atmel/studio/7.0/toolchain/avr8/avr8-gnu-toolchain/bin/../lib/gcc/avr/5.4.0/../../../../avr/lib/avr5\libm.a(pow.o) (exp)
c:/program files (x86)/atmel/studio/7.0/toolchain/avr8/avr8-gnu-toolchain/bin/../lib/gcc/avr/5.4.0/../../../../avr/lib/avr5\libm.a(fp_powser.o)
                              c:/program files (x86)/atmel/studio/7.0/toolchain/avr8/avr8-gnu-toolchain/bin/../lib/gcc/avr/5.4.0/../../../../avr/lib/avr5\libm.a(exp.o) (__fp_powser)
c:/program files (x86)/atmel/studio/7.0/toolchain/avr8/avr8-gnu-toolchain/bin/../lib/gcc/avr/5.4.0/../../../../avr/lib/avr5\libm.a(inverse.o)
                              c:/program files (x86)/atmel/studio/7.0/toolchain/avr8/avr8-gnu-toolchain/bin/../lib/gcc/avr/5.4.0/../../../../avr/lib/avr5\libm.a(exp.o) (inverse)
[...]
Memory Configuration

Name             Origin             Length             Attributes
text             0x00000000         0x00020000         xr
data             0x00800060         0x0000ffa0         rw !x
eeprom           0x00810000         0x00010000         rw !x
fuse             0x00820000         0x00000002         rw !x
lock             0x00830000         0x00000400         rw !x
signature        0x00840000         0x00000400         rw !x
user_signatures  0x00850000         0x00000400         rw !x
*default*        0x00000000         0xffffffff

Linker script and memory map

LOAD C:/Program Files (x86)/Atmel/Studio/7.0/Packs/atmel/ATmega_DFP/1.2.209/gcc/dev/atmega32/avr5/crtatmega32.o
LOAD AAL/main.o
LOAD HAL/lcd.o
LOAD HAL/Temp_sensor.o
LOAD HAL/Temp_sensor_PostBConfig.o
LOAD MCAL/ADC.o
LOAD MCAL/ADC_PostBConfig.o
LOAD MCAL/DIO.o
LOAD MCAL/DIO_PostBConfig.o
LOAD MCAL/UART.o
LOAD MCAL/UART_PostBConfig.o
LOAD Service/DEBUG.o
LOAD Service/FreeRTOS/croutine.o
LOAD Service/FreeRTOS/event_groups.o
LOAD Service/FreeRTOS/list.o
LOAD Service/FreeRTOS/Portable/Compiler/port.o
LOAD Service/FreeRTOS/Portable/MemMang/heap_1.o
LOAD Service/FreeRTOS/queue.o
LOAD Service/FreeRTOS/stream_buffer.o
LOAD Service/FreeRTOS/tasks.o
LOAD Service/FreeRTOS/timers.o
LOAD Service/String_Manipulation.o
START GROUP
LOAD c:/program files (x86)/atmel/studio/7.0/toolchain/avr8/avr8-gnu-toolchain/bin/../lib/gcc/avr/5.4.0/../../../../avr/lib/avr5\libm.a
END GROUP
START GROUP
LOAD c:/program files (x86)/atmel/studio/7.0/toolchain/avr8/avr8-gnu-toolchain/bin/../lib/gcc/avr/5.4.0/avr5\libgcc.a
LOAD c:/program files (x86)/atmel/studio/7.0/toolchain/avr8/avr8-gnu-toolchain/bin/../lib/gcc/avr/5.4.0/../../../../avr/lib/avr5\libm.a
LOAD c:/program files (x86)/atmel/studio/7.0/toolchain/avr8/avr8-gnu-toolchain/bin/../lib/gcc/avr/5.4.0/../../../../avr/lib/avr5\libc.a
LOAD C:/Program Files (x86)/Atmel/Studio/7.0/Packs/atmel/ATmega_DFP/1.2.209/gcc/dev/atmega32/avr5\libatmega32.a
END GROUP
                0x00020000                __TEXT_REGION_LENGTH__ = DEFINED (__TEXT_REGION_LENGTH__)?__TEXT_REGION_LENGTH__:0x20000
                0x0000ffa0                __DATA_REGION_LENGTH__ = DEFINED (__DATA_REGION_LENGTH__)?__DATA_REGION_LENGTH__:0xffa0
                0x00010000                __EEPROM_REGION_LENGTH__ = DEFINED (__EEPROM_REGION_LENGTH__)?__EEPROM_REGION_LENGTH__:0x10000
                [0x00000002]                __FUSE_REGION_LENGTH__ = DEFINED (__FUSE_REGION_LENGTH__)?__FUSE_REGION_LENGTH__:0x400
                0x00000400                __LOCK_REGION_LENGTH__ = DEFINED (__LOCK_REGION_LENGTH__)?__LOCK_REGION_LENGTH__:0x400
                0x00000400                __SIGNATURE_REGION_LENGTH__ = DEFINED (__SIGNATURE_REGION_LENGTH__)?__SIGNATURE_REGION_LENGTH__:0x400
                0x00000400                __USER_SIGNATURE_REGION_LENGTH__ = DEFINED (__USER_SIGNATURE_REGION_LENGTH__)?__USER_SIGNATURE_REGION_LENGTH__:0x400

.hash
 *(.hash)

.dynsym
 *(.dynsym)

.dynstr
 *(.dynstr)

.gnu.version
 *(.gnu.version)

.gnu.version_d
 *(.gnu.version_d)

.gnu.version_r
 *(.gnu.version_r)

.rel.init
 *(.rel.init)

.rela.init
 *(.rela.init)

.rel.text
 *(.rel.text)
 *(.rel.text.*)
 *(.rel.gnu.linkonce.t*)

.rela.text
 *(.rela.text)
 *(.rela.text.*)
 *(.rela.gnu.linkonce.t*)

.rel.fini
 *(.rel.fini)

.rela.fini
 *(.rela.fini)

.rel.rodata
 *(.rel.rodata)
 *(.rel.rodata.*)
 *(.rel.gnu.linkonce.r*)

.rela.rodata
 *(.rela.rodata)
 *(.rela.rodata.*)
 *(.rela.gnu.linkonce.r*)

.rel.data
 *(.rel.data)
 *(.rel.data.*)
 *(.rel.gnu.linkonce.d*)

.rela.data
 *(.rela.data)
 *(.rela.data.*)
 *(.rela.gnu.linkonce.d*)

.rel.ctors
 *(.rel.ctors)

.rela.ctors
 *(.rela.ctors)

.rel.dtors
 *(.rel.dtors)

.rela.dtors
 *(.rela.dtors)

.rel.got
 *(.rel.got)

.rela.got
 *(.rela.got)

.rel.bss
 *(.rel.bss)

.rela.bss
 *(.rela.bss)

.rel.plt
 *(.rel.plt)

.rela.plt
 *(.rela.plt)

.text           0x00000000     0x2338
 *(.vectors)
 .vectors       0x00000000       0x54 C:/Program Files (x86)/Atmel/Studio/7.0/Packs/atmel/ATmega_DFP/1.2.209/gcc/dev/atmega32/avr5/crtatmega32.o
                0x00000000                __vector_default
                0x00000000                __vectors
 *(.vectors)
 *(.progmem.gcc*)
                0x00000054                . = ALIGN (0x2)
                0x00000054                __trampolines_start = .
 *(.trampolines)
 .trampolines   0x00000054        0x0 linker stubs
 *(.trampolines*)
                0x00000054                __trampolines_end = .
 *libprintf_flt.a:*(.progmem.data)
 *libc.a:*(.progmem.data)
 *(.progmem*)
                0x00000054                . = ALIGN (0x2)
 *(.jumptables)
 *(.jumptables*)
 *(.lowtext)
 *(.lowtext*)
                0x00000054                __ctors_start = .
 *(.ctors)
                0x00000054                __ctors_end = .
                0x00000054                __dtors_start = .
 *(.dtors)
                0x00000054                __dtors_end = .
 SORT(*)(.ctors)
 SORT(*)(.dtors)
 *(.init0)
 .init0         0x00000054        0x0 C:/Program Files (x86)/Atmel/Studio/7.0/Packs/atmel/ATmega_DFP/1.2.209/gcc/dev/atmega32/avr5/crtatmega32.o
                0x00000054                __init
 *(.init0)
 *(.init1)
 *(.init1)
 *(.init2)
 .init2         0x00000054        0xc C:/Program Files (x86)/Atmel/Studio/7.0/Packs/atmel/ATmega_DFP/1.2.209/gcc/dev/atmega32/avr5/crtatmega32.o
 *(.init2)
 *(.init3)
 *(.init3)
 *(.init4)
 .init4         0x00000060       0x16 c:/program files (x86)/atmel/studio/7.0/toolchain/avr8/avr8-gnu-toolchain/bin/../lib/gcc/avr/5.4.0/avr5\libgcc.a(_copy_data.o)
                0x00000060                __do_copy_data
 .init4         0x00000076       0x10 c:/program files (x86)/atmel/studio/7.0/toolchain/avr8/avr8-gnu-toolchain/bin/../lib/gcc/avr/5.4.0/avr5\libgcc.a(_clear_bss.o)
                0x00000076                __do_clear_bss
 *(.init4)
 *(.init5)
 *(.init5)
 *(.init6)
 *(.init6)
 *(.init7)
 *(.init7)
 *(.init8)
 *(.init8)
 *(.init9)
 .init9         0x00000086        0x8 C:/Program Files (x86)/Atmel/Studio/7.0/Packs/atmel/ATmega_DFP/1.2.209/gcc/dev/atmega32/avr5/crtatmega32.o
 *(.init9)
 *(.text)
 .text          0x0000008e        0x4 C:/Program Files (x86)/Atmel/Studio/7.0/Packs/atmel/ATmega_DFP/1.2.209/gcc/dev/atmega32/avr5/crtatmega32.o
                0x0000008e                __vector_1
                0x0000008e                __vector_12
                0x0000008e                __bad_interrupt
                0x0000008e                __vector_6
                0x0000008e                __vector_3
                0x0000008e                __vector_11
                0x0000008e                __vector_17
                0x0000008e                __vector_19
                0x0000008e                __vector_5
                0x0000008e                __vector_4
                0x0000008e                __vector_9
                0x0000008e                __vector_2
                0x0000008e                __vector_8
                0x0000008e                __vector_14
                0x0000008e                __vector_10
                0x0000008e                __vector_16
                0x0000008e                __vector_18
                0x0000008e                __vector_20
                0x00000092                . = ALIGN (0x2)
 *(.text.*)
 .text.System_Init
                0x00000092       0x8a AAL/main.o
                0x00000092                System_Init
 .text.Send_Switch_State
                0x0000011c       0x7a AAL/main.o
                0x0000011c                Send_Switch_State
 .text.UART_Send_Data_Received
                0x00000196       0xba AAL/main.o
                0x00000196                UART_Send_Data_Received
 .text.Temp_Sensor_Send_Data
                0x00000250       0xaa AAL/main.o
                0x00000250                Temp_Sensor_Send_Data
 .text.LCD_Display_Update
                0x000002fa      0x15a AAL/main.o
                0x000002fa                LCD_Display_Update
 .text.main     0x00000454       0xbe AAL/main.o
                0x00000454                main
 .text.LCD_sendCommand
                0x00000512       0x52 HAL/lcd.o
                0x00000512                LCD_sendCommand
 .text.LCD_init
                0x00000564       0x26 HAL/lcd.o
                0x00000564                LCD_init
 .text.LCD_displayCharacter
                0x0000058a       0x54 HAL/lcd.o
                0x0000058a                LCD_displayCharacter
 .text.LCD_displayString
                0x000005de       0x2c HAL/lcd.o
                0x000005de                LCD_displayString
 .text.LCD_clearScreen
                0x0000060a        0x8 HAL/lcd.o
                0x0000060a                LCD_clearScreen
 .text.LCD_goToRowColumn
                0x00000612       0x1c HAL/lcd.o
                0x00000612                LCD_goToRowColumn
 .text.LCD_displayStringRowColumn
                0x0000062e       0x16 HAL/lcd.o
                0x0000062e                LCD_displayStringRowColumn
 .text.LCD_integerToString
                0x00000644       0x4e HAL/lcd.o
                0x00000644                LCD_integerToString
 .text.ADC_INIT
                0x00000692      0x12e MCAL/ADC.o
                0x00000692                ADC_INIT
 .text.ADC_READ
                0x000007c0       0xfa MCAL/ADC.o
                0x000007c0                ADC_READ
 .text.DIO_Init_Pin
                0x000008ba      0x12c MCAL/DIO.o
                0x000008ba                DIO_Init_Pin
 .text.DIO_Read_Pin
                0x000009e6       0xa8 MCAL/DIO.o
                0x000009e6                DIO_Read_Pin
 .text.DIO_toggle_Pin
                0x00000a8e       0xa0 MCAL/DIO.o
                0x00000a8e                DIO_toggle_Pin
 .text.__vector_13
                0x00000b2e       0x5a MCAL/UART.o
                0x00000b2e                __vector_13
 .text.__vector_15
                0x00000b88       0x5a MCAL/UART.o
                0x00000b88                __vector_15
 .text.UART_Init
                0x00000be2       0xc6 MCAL/UART.o
                0x00000be2                UART_Init
 .text.UART_RecByte
                0x00000ca8       0x62 MCAL/UART.o
                0x00000ca8                UART_RecByte
 .text.Debug_By_Toggle
                0x00000d0a       0x14 Service/DEBUG.o
                0x00000d0a                Debug_By_Toggle
 .text.vListInitialise
                0x00000d1e       0x1c Service/FreeRTOS/list.o
                0x00000d1e                vListInitialise
 .text.vListInitialiseItem
                0x00000d3a        0x8 Service/FreeRTOS/list.o
                0x00000d3a                vListInitialiseItem
 .text.vListInsertEnd
                0x00000d42       0x42 Service/FreeRTOS/list.o
                0x00000d42                vListInsertEnd
 .text.vListInsert
                0x00000d84       0x62 Service/FreeRTOS/list.o
                0x00000d84                vListInsert
 .text.uxListRemove
                0x00000de6       0x4e Service/FreeRTOS/list.o
                0x00000de6                uxListRemove
 .text.pxPortInitialiseStack
                0x00000e34       0xd8 Service/FreeRTOS/Portable/Compiler/port.o
                0x00000e34                pxPortInitialiseStack
 .text.xPortStartScheduler
                0x00000f0c       0x6a Service/FreeRTOS/Portable/Compiler/port.o
                0x00000f0c                xPortStartScheduler
 .text.vPortYield
                0x00000f76       0xb2 Service/FreeRTOS/Portable/Compiler/port.o
                0x00000f76                vPortYield
 .text.vPortYieldFromTick
                0x00001028       0xb8 Service/FreeRTOS/Portable/Compiler/port.o
                0x00001028                vPortYieldFromTick
 .text.__vector_7
                0x000010e0        0x6 Service/FreeRTOS/Portable/Compiler/port.o
                0x000010e0                __vector_7
 .text.pvPortMalloc
                0x000010e6       0x6a Service/FreeRTOS/Portable/MemMang/heap_1.o
                0x000010e6                pvPortMalloc
 .text.vPortFree
                0x00001150        0x2 Service/FreeRTOS/Portable/MemMang/heap_1.o
                0x00001150                vPortFree
 .text.prvIsQueueEmpty
                0x00001152       0x16 Service/FreeRTOS/queue.o
 .text.prvCopyDataToQueue
                0x00001168       0x92 Service/FreeRTOS/queue.o
 .text.prvUnlockQueue
                0x000011fa       0x9a Service/FreeRTOS/queue.o
 .text.xQueueGenericReset
                0x00001294       0x8c Service/FreeRTOS/queue.o
                0x00001294                xQueueGenericReset
 .text.xQueueGenericCreate
                0x00001320       0x5a Service/FreeRTOS/queue.o
                0x00001320                xQueueGenericCreate
 .text.xQueueCreateCountingSemaphore
                0x0000137a       0x18 Service/FreeRTOS/queue.o
                0x0000137a                xQueueCreateCountingSemaphore
 .text.xQueueGenericSend
                0x00001392      0x142 Service/FreeRTOS/queue.o
                0x00001392                xQueueGenericSend
 .text.xQueueSemaphoreTake
                0x000014d4      0x11a Service/FreeRTOS/queue.o
                0x000014d4                xQueueSemaphoreTake
 .text.uxQueueMessagesWaiting
                0x000015ee       0x10 Service/FreeRTOS/queue.o
                0x000015ee                uxQueueMessagesWaiting
 .text.prvResetNextTaskUnblockTime
                0x000015fe       0x3e Service/FreeRTOS/tasks.o
 .text.prvIdleTask
                0x0000163c       0x58 Service/FreeRTOS/tasks.o
 .text.prvAddCurrentTaskToDelayedList
                0x00001694       0xb0 Service/FreeRTOS/tasks.o
 .text.xTaskCreate
                0x00001744      0x228 Service/FreeRTOS/tasks.o
                0x00001744                xTaskCreate
 .text.vTaskResume
                0x0000196c       0x9e Service/FreeRTOS/tasks.o
                0x0000196c                vTaskResume
 .text.vTaskStartScheduler
                0x00001a0a       0x54 Service/FreeRTOS/tasks.o
                0x00001a0a                vTaskStartScheduler
 .text.vTaskSuspendAll
                0x00001a5e        0xc Service/FreeRTOS/tasks.o
                0x00001a5e                vTaskSuspendAll
 .text.xTaskGetTickCount
                0x00001a6a       0x14 Service/FreeRTOS/tasks.o
                0x00001a6a                xTaskGetTickCount
 .text.xTaskIncrementTick
                0x00001a7e      0x176 Service/FreeRTOS/tasks.o
                0x00001a7e                xTaskIncrementTick
 .text.xTaskResumeAll
                0x00001bf4       0xfe Service/FreeRTOS/tasks.o
                0x00001bf4                xTaskResumeAll
 .text.vTaskDelayUntil
                0x00001cf2       0x7c Service/FreeRTOS/tasks.o
                0x00001cf2                vTaskDelayUntil
 .text.vTaskDelay
                0x00001d6e       0x28 Service/FreeRTOS/tasks.o
                0x00001d6e                vTaskDelay
 .text.vTaskSwitchContext
                0x00001d96       0xcc Service/FreeRTOS/tasks.o
                0x00001d96                vTaskSwitchContext
 .text.vTaskSuspend
                0x00001e62       0xa4 Service/FreeRTOS/tasks.o
                0x00001e62                vTaskSuspend
 .text.vTaskPlaceOnEventList
                0x00001f06       0x24 Service/FreeRTOS/tasks.o
                0x00001f06                vTaskPlaceOnEventList
 .text.xTaskRemoveFromEventList
                0x00001f2a       0x90 Service/FreeRTOS/tasks.o
                0x00001f2a                xTaskRemoveFromEventList
 .text.vTaskInternalSetTimeOutState
                0x00001fba       0x16 Service/FreeRTOS/tasks.o
                0x00001fba                vTaskInternalSetTimeOutState
 .text.xTaskCheckForTimeOut
                0x00001fd0       0x6c Service/FreeRTOS/tasks.o
                0x00001fd0                xTaskCheckForTimeOut
 .text.vTaskMissedYield
                0x0000203c        0x8 Service/FreeRTOS/tasks.o
                0x0000203c                vTaskMissedYield
 .text.avr-libc.fplib
                0x00002044        0x8 c:/program files (x86)/atmel/studio/7.0/toolchain/avr8/avr8-gnu-toolchain/bin/../lib/gcc/avr/5.4.0/../../../../avr/lib/avr5\libm.a(divsf3.o)
                0x00002044                __divsf3
 .text.avr-libc.fplib
                0x0000204c       0xdc c:/program files (x86)/atmel/studio/7.0/toolchain/avr8/avr8-gnu-toolchain/bin/../lib/gcc/avr/5.4.0/../../../../avr/lib/avr5\libm.a(divsf3x.o)
                0x0000206c                __divsf3x
                0x00002072                __divsf3_pse
 .text.avr-libc.fplib
                0x00002128       0x5e c:/program files (x86)/atmel/studio/7.0/toolchain/avr8/avr8-gnu-toolchain/bin/../lib/gcc/avr/5.4.0/../../../../avr/lib/avr5\libm.a(fixunssfsi.o)
                0x00002128                __fixunssfsi
 .text.avr-libc.fplib
                0x00002186       0x7a c:/program files (x86)/atmel/studio/7.0/toolchain/avr8/avr8-gnu-toolchain/bin/../lib/gcc/avr/5.4.0/../../../../avr/lib/avr5\libm.a(floatsisf.o)
                0x00002186                __floatunsisf
                0x0000218a                __floatsisf
 .text.avr-libc.fplib
                0x00002200        0xc c:/program files (x86)/atmel/studio/7.0/toolchain/avr8/avr8-gnu-toolchain/bin/../lib/gcc/avr/5.4.0/../../../../avr/lib/avr5\libm.a(fp_inf.o)
                0x00002200                __fp_inf
 .text.avr-libc.fplib
                0x0000220c        0x6 c:/program files (x86)/atmel/studio/7.0/toolchain/avr8/avr8-gnu-toolchain/bin/../lib/gcc/avr/5.4.0/../../../../avr/lib/avr5\libm.a(fp_nan.o)
                0x0000220c                __fp_nan
 .text.avr-libc.fplib
                0x00002212        0xe c:/program files (x86)/atmel/studio/7.0/toolchain/avr8/avr8-gnu-toolchain/bin/../lib/gcc/avr/5.4.0/../../../../avr/lib/avr5\libm.a(fp_pscA.o)
                0x00002212                __fp_pscA
 .text.avr-libc.fplib
                0x00002220        0xe c:/program files (x86)/atmel/studio/7.0/toolchain/avr8/avr8-gnu-toolchain/bin/../lib/gcc/avr/5.4.0/../../../../avr/lib/avr5\libm.a(fp_pscB.o)
                0x00002220                __fp_pscB
 .text.avr-libc.fplib
                0x0000222e       0x22 c:/program files (x86)/atmel/studio/7.0/toolchain/avr8/avr8-gnu-toolchain/bin/../lib/gcc/avr/5.4.0/../../../../avr/lib/avr5\libm.a(fp_round.o)
                0x0000222e                __fp_round
 .text.avr-libc.fplib
                0x00002250       0x44 c:/program files (x86)/atmel/studio/7.0/toolchain/avr8/avr8-gnu-toolchain/bin/../lib/gcc/avr/5.4.0/../../../../avr/lib/avr5\libm.a(fp_split3.o)
                0x00002250                __fp_split3
                0x00002260                __fp_splitA
 .text.avr-libc.fplib
                0x00002294        0xe c:/program files (x86)/atmel/studio/7.0/toolchain/avr8/avr8-gnu-toolchain/bin/../lib/gcc/avr/5.4.0/../../../../avr/lib/avr5\libm.a(fp_zero.o)
                0x00002294                __fp_zero
                0x00002296                __fp_szero
 .text.avr-libc
                0x000022a2       0x12 c:/program files (x86)/atmel/studio/7.0/toolchain/avr8/avr8-gnu-toolchain/bin/../lib/gcc/avr/5.4.0/../../../../avr/lib/avr5\libc.a(memcpy.o)
                0x000022a2                memcpy
 .text.avr-libc
                0x000022b4       0x16 c:/program files (x86)/atmel/studio/7.0/toolchain/avr8/avr8-gnu-toolchain/bin/../lib/gcc/avr/5.4.0/../../../../avr/lib/avr5\libc.a(itoa.o)
                0x000022b4                __itoa
                0x000022b4                itoa
 .text.avr-libc
                0x000022ca       0x16 c:/program files (x86)/atmel/studio/7.0/toolchain/avr8/avr8-gnu-toolchain/bin/../lib/gcc/avr/5.4.0/../../../../avr/lib/avr5\libc.a(itoa_ncheck.o)
                0x000022ca                __itoa_ncheck
 .text.avr-libc
                0x000022e0       0x34 c:/program files (x86)/atmel/studio/7.0/toolchain/avr8/avr8-gnu-toolchain/bin/../lib/gcc/avr/5.4.0/../../../../avr/lib/avr5\libc.a(utoa_ncheck.o)
                0x000022e0                __utoa_ncheck
                0x000022e2                __utoa_common
 .text.avr-libc
                0x00002314       0x20 c:/program files (x86)/atmel/studio/7.0/toolchain/avr8/avr8-gnu-toolchain/bin/../lib/gcc/avr/5.4.0/../../../../avr/lib/avr5\libc.a(strrev.o)
                0x00002314                strrev
                0x00002334                . = ALIGN (0x2)
 *(.fini9)
 .fini9         0x00002334        0x0 c:/program files (x86)/atmel/studio/7.0/toolchain/avr8/avr8-gnu-toolchain/bin/../lib/gcc/avr/5.4.0/avr5\libgcc.a(_exit.o)
                0x00002334                _exit
                0x00002334                exit
 *(.fini9)
 *(.fini8)
 *(.fini8)
 *(.fini7)
 *(.fini7)
 *(.fini6)
 *(.fini6)
 *(.fini5)
 *(.fini5)
 *(.fini4)
 *(.fini4)
 *(.fini3)
 *(.fini3)
 *(.fini2)
 *(.fini2)
 *(.fini1)
 *(.fini1)
 *(.fini0)
 .fini0         0x00002334        0x4 c:/program files (x86)/atmel/studio/7.0/toolchain/avr8/avr8-gnu-toolchain/bin/../lib/gcc/avr/5.4.0/avr5\libgcc.a(_exit.o)
 *(.fini0)
                0x00002338                _etext = .

.data           0x00800060       0x22 load address 0x00002338
                0x00800060                PROVIDE (__data_start, .)
 *(.data)
 *(.data*)
 .data.su8_index_Uart_buffer.2190
                0x00800060        0x2 AAL/main.o
 .data.u32_TEMP_Number
                0x00800062        0x2 AAL/main.o
                0x00800062                u32_TEMP_Number
 .data.u8_UART_character
                0x00800064        0x1 AAL/main.o
                0x00800064                u8_UART_character
 .data.su8_first_time_start_conversion_time_event.1617
                0x00800065        0x1 MCAL/ADC.o
 .data.sgADC_Error_ADC_READ_API
                0x00800066        0x1 MCAL/ADC.o
 .data.gstr_Temp_sensorConfig
                0x00800067        0xe MCAL/ADC_PostBConfig.o
                0x00800067                gstr_Temp_sensorConfig
 *(.gnu.linkonce.d*)
 *(.rodata)
 *(.rodata*)
 .rodata.RTOS_UART_CONFIG
                0x00800075        0x7 MCAL/UART_PostBConfig.o
                0x00800075                RTOS_UART_CONFIG
 .rodata.str1.1
                0x0080007c        0x5 Service/FreeRTOS/tasks.o
 *(.gnu.linkonce.r*)
                0x00800082                . = ALIGN (0x2)
 *fill*         0x00800081        0x1 
                0x00800082                _edata = .
                0x00800082                PROVIDE (__data_end, .)

.bss            0x00800082      0x66c
                0x00800082                PROVIDE (__bss_start, .)
 *(.bss)
 *(.bss*)
 .bss.su8_Latched_State_Of_Switch0.2193
                0x00800082        0x1 AAL/main.o
 .bss.Temp_Sensor_Send_Data_Handler
                0x00800083        0x2 AAL/main.o
                0x00800083                Temp_Sensor_Send_Data_Handler
 .bss.LCD_Display_Update_Handler
                0x00800085        0x2 AAL/main.o
                0x00800085                LCD_Display_Update_Handler
 .bss.UART_rec_Handler
                0x00800087        0x2 AAL/main.o
                0x00800087                UART_rec_Handler
 .bss.Switches_Handler
                0x00800089        0x2 AAL/main.o
                0x00800089                Switches_Handler
 .bss.SYS_Handler
                0x0080008b        0x2 AAL/main.o
                0x0080008b                SYS_Handler
 .bss.sgu8_ADC_Left_Adjust_Enabled_Flag
                0x0080008d        0x1 MCAL/ADC.o
 .bss.sgu8_ADC_Execution_Way
                0x0080008e        0x1 MCAL/ADC.o
 .bss.sgADC_Error_ADC_INIT_API
                0x0080008f        0x1 MCAL/ADC.o
 .bss.sgu8_UART_Transimter_enable
                0x00800090        0x1 MCAL/UART.o
 .bss.sgu8_UART_Receiver_enable
                0x00800091        0x1 MCAL/UART.o
 .bss.sgu8_UART_Execution_Mode
                0x00800092        0x1 MCAL/UART.o
 .bss.gPntrToFunc_UART_RX_ISR
                0x00800093        0x2 MCAL/UART.o
 .bss.gPntrToFunc_UART_TX_ISR
                0x00800095        0x2 MCAL/UART.o
 .bss.pucAlignedHeap.2084
                0x00800097        0x2 Service/FreeRTOS/Portable/MemMang/heap_1.o
 .bss.xNextFreeByte
                0x00800099        0x2 Service/FreeRTOS/Portable/MemMang/heap_1.o
 .bss.ucHeap    0x0080009b      0x5dc Service/FreeRTOS/Portable/MemMang/heap_1.o
 .bss.uxSchedulerSuspended
                0x00800677        0x1 Service/FreeRTOS/tasks.o
 .bss.xIdleTaskHandle
                0x00800678        0x2 Service/FreeRTOS/tasks.o
 .bss.xNextTaskUnblockTime
                0x0080067a        0x2 Service/FreeRTOS/tasks.o
 .bss.uxTaskNumber
                0x0080067c        0x1 Service/FreeRTOS/tasks.o
 .bss.xNumOfOverflows
                0x0080067d        0x1 Service/FreeRTOS/tasks.o
 .bss.xYieldPending
                0x0080067e        0x1 Service/FreeRTOS/tasks.o
 .bss.uxPendedTicks
                0x0080067f        0x1 Service/FreeRTOS/tasks.o
 .bss.xSchedulerRunning
                0x00800680        0x1 Service/FreeRTOS/tasks.o
 .bss.uxTopReadyPriority
                0x00800681        0x1 Service/FreeRTOS/tasks.o
 .bss.xTickCount
                0x00800682        0x2 Service/FreeRTOS/tasks.o
 .bss.uxCurrentNumberOfTasks
                0x00800684        0x1 Service/FreeRTOS/tasks.o
 .bss.xSuspendedTaskList
                0x00800685        0x9 Service/FreeRTOS/tasks.o
 .bss.uxDeletedTasksWaitingCleanUp
                0x0080068e        0x1 Service/FreeRTOS/tasks.o
 .bss.xTasksWaitingTermination
                0x0080068f        0x9 Service/FreeRTOS/tasks.o
 .bss.xPendingReadyList
                0x00800698        0x9 Service/FreeRTOS/tasks.o
 .bss.pxOverflowDelayedTaskList
                0x008006a1        0x2 Service/FreeRTOS/tasks.o
 .bss.pxDelayedTaskList
                0x008006a3        0x2 Service/FreeRTOS/tasks.o
 .bss.xDelayedTaskList2
                0x008006a5        0x9 Service/FreeRTOS/tasks.o
 .bss.xDelayedTaskList1
                0x008006ae        0x9 Service/FreeRTOS/tasks.o
 .bss.pxReadyTasksLists
                0x008006b7       0x2d Service/FreeRTOS/tasks.o
 .bss.pxCurrentTCB
                0x008006e4        0x2 Service/FreeRTOS/tasks.o
                0x008006e4                pxCurrentTCB
 *(COMMON)
 COMMON         0x008006e6        0x8 AAL/main.o
                0x008006e6                Temp_Receive_New_Number_Semaphore
                0x008006e8                Uart_Receive_New_Charachter_Semaphore
                0x008006ea                Switch0_Couting_Semaphore
                0x008006ec                UART_RTOS_New_Data_Semaphore
                0x008006ee                PROVIDE (__bss_end, .)
                0x00002338                __data_load_start = LOADADDR (.data)
                0x0000235a                __data_load_end = (__data_load_start + SIZEOF (.data))

.noinit         0x008006ee        0x0
                [!provide]                PROVIDE (__noinit_start, .)
 *(.noinit*)
                [!provide]                PROVIDE (__noinit_end, .)
                0x008006ee                _end = .
                [!provide]                PROVIDE (__heap_start, .)

.eeprom         0x00810000        0x0
 *(.eeprom*)
                0x00810000                __eeprom_end = .

.fuse
 *(.fuse)
 *(.lfuse)
 *(.hfuse)
 *(.efuse)

.lock
 *(.lock*)

.signature
 *(.signature*)

.user_signatures
 *(.user_signatures*)

.stab
 *(.stab)

.stabstr
 *(.stabstr)

.stab.excl
 *(.stab.excl)

.stab.exclstr
 *(.stab.exclstr)

.stab.index
 *(.stab.index)

.stab.indexstr
 *(.stab.indexstr)

.comment        0x00000000       0x30
 *(.comment)
 .comment       0x00000000       0x30 AAL/main.o
                                 0x31 (size before relaxing)
 .comment       0x00000030       0x31 HAL/lcd.o
 .comment       0x00000030       0x31 MCAL/ADC.o
 .comment       0x00000030       0x31 MCAL/ADC_PostBConfig.o
 .comment       0x00000030       0x31 MCAL/DIO.o
 .comment       0x00000030       0x31 MCAL/UART.o
 .comment       0x00000030       0x31 MCAL/UART_PostBConfig.o
 .comment       0x00000030       0x31 Service/DEBUG.o
 .comment       0x00000030       0x31 Service/FreeRTOS/list.o
 .comment       0x00000030       0x31 Service/FreeRTOS/Portable/Compiler/port.o
 .comment       0x00000030       0x31 Service/FreeRTOS/Portable/MemMang/heap_1.o
 .comment       0x00000030       0x31 Service/FreeRTOS/queue.o
 .comment       0x00000030       0x31 Service/FreeRTOS/tasks.o

.note.gnu.avr.deviceinfo
                0x00000000       0x3c
 .note.gnu.avr.deviceinfo
                0x00000000       0x3c C:/Program Files (x86)/Atmel/Studio/7.0/Packs/atmel/ATmega_DFP/1.2.209/gcc/dev/atmega32/avr5/crtatmega32.o

.note.gnu.build-id
 *(.note.gnu.build-id)

.debug
 *(.debug)

.line
 *(.line)

.debug_srcinfo
 *(.debug_srcinfo)

.debug_sfnames
 *(.debug_sfnames)

.debug_aranges  0x00000000      0x498
 *(.debug_aranges)
 .debug_aranges
                0x00000000       0x48 AAL/main.o
 .debug_aranges
                0x00000048       0x58 HAL/lcd.o
 .debug_aranges
                0x000000a0       0x28 MCAL/ADC.o
 .debug_aranges
                0x000000c8       0x18 MCAL/ADC_PostBConfig.o
 .debug_aranges
                0x000000e0       0x78 MCAL/DIO.o
 .debug_aranges
                0x00000158       0x50 MCAL/UART.o
 .debug_aranges
                0x000001a8       0x18 MCAL/UART_PostBConfig.o
 .debug_aranges
                0x000001c0       0x20 Service/DEBUG.o
 .debug_aranges
                0x000001e0       0x40 Service/FreeRTOS/list.o
 .debug_aranges
                0x00000220       0x48 Service/FreeRTOS/Portable/Compiler/port.o
 .debug_aranges
                0x00000268       0x38 Service/FreeRTOS/Portable/MemMang/heap_1.o
 .debug_aranges
                0x000002a0       0xc0 Service/FreeRTOS/queue.o
 .debug_aranges
                0x00000360      0x138 Service/FreeRTOS/tasks.o

.debug_pubnames
 *(.debug_pubnames)

.debug_info     0x00000000     0x5b15
 *(.debug_info .gnu.linkonce.wi.*)
 .debug_info    0x00000000      0x4e6 C:/Program Files (x86)/Atmel/Studio/7.0/Packs/atmel/ATmega_DFP/1.2.209/gcc/dev/atmega32/avr5/crtatmega32.o
 .debug_info    0x000004e6      0xdbd AAL/main.o
 .debug_info    0x000012a3      0x4f2 HAL/lcd.o
 .debug_info    0x00001795      0x286 MCAL/ADC.o
 .debug_info    0x00001a1b      0x105 MCAL/ADC_PostBConfig.o
 .debug_info    0x00001b20      0x40a MCAL/DIO.o
 .debug_info    0x00001f2a      0x346 MCAL/UART.o
 .debug_info    0x00002270      0x10a MCAL/UART_PostBConfig.o
 .debug_info    0x0000237a       0xf6 Service/DEBUG.o
 .debug_info    0x00002470      0x2d8 Service/FreeRTOS/list.o
 .debug_info    0x00002748      0x263 Service/FreeRTOS/Portable/Compiler/port.o
 .debug_info    0x000029ab      0x1a4 Service/FreeRTOS/Portable/MemMang/heap_1.o
 .debug_info    0x00002b4f     0x14d3 Service/FreeRTOS/queue.o
 .debug_info    0x00004022     0x1af3 Service/FreeRTOS/tasks.o

.debug_abbrev   0x00000000     0x166d
 *(.debug_abbrev)
 .debug_abbrev  0x00000000      0x4a3 C:/Program Files (x86)/Atmel/Studio/7.0/Packs/atmel/ATmega_DFP/1.2.209/gcc/dev/atmega32/avr5/crtatmega32.o
 .debug_abbrev  0x000004a3      0x1de AAL/main.o
 .debug_abbrev  0x00000681      0x18a HAL/lcd.o
 .debug_abbrev  0x0000080b      0x12a MCAL/ADC.o
 .debug_abbrev  0x00000935       0x60 MCAL/ADC_PostBConfig.o
 .debug_abbrev  0x00000995      0x133 MCAL/DIO.o
 .debug_abbrev  0x00000ac8      0x154 MCAL/UART.o
 .debug_abbrev  0x00000c1c       0x67 MCAL/UART_PostBConfig.o
 .debug_abbrev  0x00000c83       0x98 Service/DEBUG.o
 .debug_abbrev  0x00000d1b       0xff Service/FreeRTOS/list.o
 .debug_abbrev  0x00000e1a      0x155 Service/FreeRTOS/Portable/Compiler/port.o
 .debug_abbrev  0x00000f6f      0x11c Service/FreeRTOS/Portable/MemMang/heap_1.o
 .debug_abbrev  0x0000108b      0x2af Service/FreeRTOS/queue.o
 .debug_abbrev  0x0000133a      0x333 Service/FreeRTOS/tasks.o

.debug_line     0x00000000     0x3716
 *(.debug_line .debug_line.* .debug_line_end)
 .debug_line    0x00000000      0x115 C:/Program Files (x86)/Atmel/Studio/7.0/Packs/atmel/ATmega_DFP/1.2.209/gcc/dev/atmega32/avr5/crtatmega32.o
 .debug_line    0x00000115      0x418 AAL/main.o
 .debug_line    0x0000052d      0x2a4 HAL/lcd.o
 .debug_line    0x000007d1      0x239 MCAL/ADC.o
 .debug_line    0x00000a0a       0x6a MCAL/ADC_PostBConfig.o
 .debug_line    0x00000a74      0x949 MCAL/DIO.o
 .debug_line    0x000013bd      0x294 MCAL/UART.o
 .debug_line    0x00001651       0x6c MCAL/UART_PostBConfig.o
 .debug_line    0x000016bd       0x76 Service/DEBUG.o
 .debug_line    0x00001733      0x206 Service/FreeRTOS/list.o
 .debug_line    0x00001939      0x2d1 Service/FreeRTOS/Portable/Compiler/port.o
 .debug_line    0x00001c0a      0x1e7 Service/FreeRTOS/Portable/MemMang/heap_1.o
 .debug_line    0x00001df1      0xa58 Service/FreeRTOS/queue.o
 .debug_line    0x00002849      0xecd Service/FreeRTOS/tasks.o

.debug_frame    0x00000000      0xcf0
 *(.debug_frame)
 .debug_frame   0x00000000       0xc4 AAL/main.o
 .debug_frame   0x000000c4       0xdc HAL/lcd.o
 .debug_frame   0x000001a0       0x40 MCAL/ADC.o
 .debug_frame   0x000001e0       0xd4 MCAL/DIO.o
 .debug_frame   0x000002b4      0x130 MCAL/UART.o
 .debug_frame   0x000003e4       0x2c Service/DEBUG.o
 .debug_frame   0x00000410       0x88 Service/FreeRTOS/list.o
 .debug_frame   0x00000498       0x74 Service/FreeRTOS/Portable/Compiler/port.o
 .debug_frame   0x0000050c       0x60 Service/FreeRTOS/Portable/MemMang/heap_1.o
 .debug_frame   0x0000056c      0x304 Service/FreeRTOS/queue.o
 .debug_frame   0x00000870      0x480 Service/FreeRTOS/tasks.o

.debug_str      0x00000000     0x1cd8
 *(.debug_str)
 .debug_str     0x00000000      0x196 C:/Program Files (x86)/Atmel/Studio/7.0/Packs/atmel/ATmega_DFP/1.2.209/gcc/dev/atmega32/avr5/crtatmega32.o
 .debug_str     0x00000196      0x6f8 AAL/main.o
                                0x74d (size before relaxing)
 .debug_str     0x0000088e      0x15b HAL/lcd.o
                                0x394 (size before relaxing)
 .debug_str     0x000009e9      0x156 MCAL/ADC.o
                                0x3bf (size before relaxing)
 .debug_str     0x00000b3f       0x1a MCAL/ADC_PostBConfig.o
                                0x263 (size before relaxing)
 .debug_str     0x00000b59      0x129 MCAL/DIO.o
                                0x2e5 (size before relaxing)
 .debug_str     0x00000c82      0x16f MCAL/UART.o
                                0x385 (size before relaxing)
 .debug_str     0x00000df1       0x1b MCAL/UART_PostBConfig.o
                                0x20e (size before relaxing)
 .debug_str     0x00000e0c       0x1a Service/DEBUG.o
                                0x1d7 (size before relaxing)
 .debug_str     0x00000e26      0x138 Service/FreeRTOS/list.o
                                0x2dd (size before relaxing)
 .debug_str     0x00000f5e      0x142 Service/FreeRTOS/Portable/Compiler/port.o
                                0x2e8 (size before relaxing)
 .debug_str     0x000010a0       0xcf Service/FreeRTOS/Portable/MemMang/heap_1.o
                                0x25f (size before relaxing)
 .debug_str     0x0000116f      0x442 Service/FreeRTOS/queue.o
                                0x7c4 (size before relaxing)
 .debug_str     0x000015b1      0x727 Service/FreeRTOS/tasks.o
                                0xc45 (size before relaxing)

.debug_loc      0x00000000     0x5652
 *(.debug_loc)
 .debug_loc     0x00000000      0x21a AAL/main.o
 .debug_loc     0x0000021a      0x323 HAL/lcd.o
 .debug_loc     0x0000053d      0x193 MCAL/ADC.o
 .debug_loc     0x000006d0     0x10a9 MCAL/DIO.o
 .debug_loc     0x00001779      0x353 MCAL/UART.o
 .debug_loc     0x00001acc       0x4e Service/DEBUG.o
 .debug_loc     0x00001b1a      0x145 Service/FreeRTOS/list.o
 .debug_loc     0x00001c5f      0x2a0 Service/FreeRTOS/Portable/Compiler/port.o
 .debug_loc     0x00001eff       0xf1 Service/FreeRTOS/Portable/MemMang/heap_1.o
 .debug_loc     0x00001ff0     0x190a Service/FreeRTOS/queue.o
 .debug_loc     0x000038fa     0x1d58 Service/FreeRTOS/tasks.o

.debug_macinfo
 *(.debug_macinfo)

.debug_weaknames
 *(.debug_weaknames)

.debug_funcnames
 *(.debug_funcnames)

.debug_typenames
 *(.debug_typenames)

.debug_varnames
 *(.debug_varnames)

.debug_pubtypes
 *(.debug_pubtypes)

.debug_ranges   0x00000000      0x4c0
 *(.debug_ranges)
 .debug_ranges  0x00000000       0x50 AAL/main.o
 .debug_ranges  0x00000050       0x48 HAL/lcd.o
 .debug_ranges  0x00000098       0x18 MCAL/ADC.o
 .debug_ranges  0x000000b0       0x68 MCAL/DIO.o
 .debug_ranges  0x00000118       0x40 MCAL/UART.o
 .debug_ranges  0x00000158       0x10 Service/DEBUG.o
 .debug_ranges  0x00000168       0x30 Service/FreeRTOS/list.o
 .debug_ranges  0x00000198       0x38 Service/FreeRTOS/Portable/Compiler/port.o
 .debug_ranges  0x000001d0       0x28 Service/FreeRTOS/Portable/MemMang/heap_1.o
 .debug_ranges  0x000001f8      0x140 Service/FreeRTOS/queue.o
 .debug_ranges  0x00000338      0x188 Service/FreeRTOS/tasks.o

.debug_macro
 *(.debug_macro)
OUTPUT(Receive_from_Uart_Temp_Sensor_on_Lcd.elf elf32-avr)
LOAD linker stubs
